<?xml version="1.0" encoding="ISO-8859-1" ?>
<link_info>
   <banner>TI ARM Linker PC v18.1.4.LTS</banner>
   <copyright>Copyright (c) 1996-2018 Texas Instruments Incorporated</copyright>
   <link_time>0x5cc1c7c4</link_time>
   <link_errors>0x0</link_errors>
   <output_file>CubeSat.out</output_file>
   <entry_point>
      <name>_c_int00_noargs</name>
      <address>0x2bd5</address>
   </entry_point>
   <input_file_list>
      <input_file id="fl-2">
         <path>.\</path>
         <kind>object</kind>
         <file>CubeSat.obj</file>
         <name>CubeSat.obj</name>
      </input_file>
      <input_file id="fl-3">
         <path>.\</path>
         <kind>object</kind>
         <file>CubeSatADC.obj</file>
         <name>CubeSatADC.obj</name>
      </input_file>
      <input_file id="fl-4">
         <path>.\</path>
         <kind>object</kind>
         <file>CubeSatI2C.obj</file>
         <name>CubeSatI2C.obj</name>
      </input_file>
      <input_file id="fl-5">
         <path>.\</path>
         <kind>object</kind>
         <file>Init.obj</file>
         <name>Init.obj</name>
      </input_file>
      <input_file id="fl-6">
         <path>.\</path>
         <kind>object</kind>
         <file>Magnetorquers.obj</file>
         <name>Magnetorquers.obj</name>
      </input_file>
      <input_file id="fl-7">
         <path>.\</path>
         <kind>object</kind>
         <file>ReactionWheels.obj</file>
         <name>ReactionWheels.obj</name>
      </input_file>
      <input_file id="fl-8">
         <path>.\</path>
         <kind>object</kind>
         <file>VectorMath.obj</file>
         <name>VectorMath.obj</name>
      </input_file>
      <input_file id="fl-9">
         <path>.\</path>
         <kind>object</kind>
         <file>startup_ccs.obj</file>
         <name>startup_ccs.obj</name>
      </input_file>
      <input_file id="fl-a">
         <path>.\utils\</path>
         <kind>object</kind>
         <file>uartstdio.obj</file>
         <name>uartstdio.obj</name>
      </input_file>
      <input_file id="fl-f">
         <kind>object</kind>
         <file>&lt;internal&gt;</file>
         <name>&lt;internal&gt;</name>
      </input_file>
      <input_file id="fl-c5">
         <path>C:\ti\ccsv8\tools\compiler\ti-cgt-arm_18.1.4.LTS\lib\</path>
         <kind>archive</kind>
         <file>rtsv7M4_T_le_v4SPD16_eabi.lib</file>
         <name>e_atan2.c.obj</name>
      </input_file>
      <input_file id="fl-c6">
         <path>C:\ti\ccsv8\tools\compiler\ti-cgt-arm_18.1.4.LTS\lib\</path>
         <kind>archive</kind>
         <file>rtsv7M4_T_le_v4SPD16_eabi.lib</file>
         <name>e_pow.c.obj</name>
      </input_file>
      <input_file id="fl-c7">
         <path>C:\ti\ccsv8\tools\compiler\ti-cgt-arm_18.1.4.LTS\lib\</path>
         <kind>archive</kind>
         <file>rtsv7M4_T_le_v4SPD16_eabi.lib</file>
         <name>e_sqrt.c.obj</name>
      </input_file>
      <input_file id="fl-c8">
         <path>C:\ti\ccsv8\tools\compiler\ti-cgt-arm_18.1.4.LTS\lib\</path>
         <kind>archive</kind>
         <file>rtsv7M4_T_le_v4SPD16_eabi.lib</file>
         <name>s_atan.c.obj</name>
      </input_file>
      <input_file id="fl-c9">
         <path>C:\ti\ccsv8\tools\compiler\ti-cgt-arm_18.1.4.LTS\lib\</path>
         <kind>archive</kind>
         <file>rtsv7M4_T_le_v4SPD16_eabi.lib</file>
         <name>s_scalbn.c.obj</name>
      </input_file>
      <input_file id="fl-ca">
         <path>C:\ti\ccsv8\tools\compiler\ti-cgt-arm_18.1.4.LTS\lib\</path>
         <kind>archive</kind>
         <file>rtsv7M4_T_le_v4SPD16_eabi.lib</file>
         <name>u_divt2.asm.obj</name>
      </input_file>
      <input_file id="fl-cb">
         <path>C:\ti\ccsv8\tools\compiler\ti-cgt-arm_18.1.4.LTS\lib\</path>
         <kind>archive</kind>
         <file>rtsv7M4_T_le_v4SPD16_eabi.lib</file>
         <name>fd_add_t2.asm.obj</name>
      </input_file>
      <input_file id="fl-cc">
         <path>C:\ti\ccsv8\tools\compiler\ti-cgt-arm_18.1.4.LTS\lib\</path>
         <kind>archive</kind>
         <file>rtsv7M4_T_le_v4SPD16_eabi.lib</file>
         <name>fd_cmp_t2.asm.obj</name>
      </input_file>
      <input_file id="fl-cd">
         <path>C:\ti\ccsv8\tools\compiler\ti-cgt-arm_18.1.4.LTS\lib\</path>
         <kind>archive</kind>
         <file>rtsv7M4_T_le_v4SPD16_eabi.lib</file>
         <name>fd_div_t2.asm.obj</name>
      </input_file>
      <input_file id="fl-ce">
         <path>C:\ti\ccsv8\tools\compiler\ti-cgt-arm_18.1.4.LTS\lib\</path>
         <kind>archive</kind>
         <file>rtsv7M4_T_le_v4SPD16_eabi.lib</file>
         <name>fd_mul_t2.asm.obj</name>
      </input_file>
      <input_file id="fl-cf">
         <path>C:\ti\ccsv8\tools\compiler\ti-cgt-arm_18.1.4.LTS\lib\</path>
         <kind>archive</kind>
         <file>rtsv7M4_T_le_v4SPD16_eabi.lib</file>
         <name>fd_tos_t2.asm.obj</name>
      </input_file>
      <input_file id="fl-d0">
         <path>C:\ti\ccsv8\tools\compiler\ti-cgt-arm_18.1.4.LTS\lib\</path>
         <kind>archive</kind>
         <file>rtsv7M4_T_le_v4SPD16_eabi.lib</file>
         <name>fs_tod_t2.asm.obj</name>
      </input_file>
      <input_file id="fl-d1">
         <path>C:\ti\ccsv8\tools\compiler\ti-cgt-arm_18.1.4.LTS\lib\</path>
         <kind>archive</kind>
         <file>rtsv7M4_T_le_v4SPD16_eabi.lib</file>
         <name>i_tofd_t2.asm.obj</name>
      </input_file>
      <input_file id="fl-d2">
         <path>C:\ti\ccsv8\tools\compiler\ti-cgt-arm_18.1.4.LTS\lib\</path>
         <kind>archive</kind>
         <file>rtsv7M4_T_le_v4SPD16_eabi.lib</file>
         <name>copy_zero_init.c.obj</name>
      </input_file>
      <input_file id="fl-d3">
         <path>C:\ti\ccsv8\tools\compiler\ti-cgt-arm_18.1.4.LTS\lib\</path>
         <kind>archive</kind>
         <file>rtsv7M4_T_le_v4SPD16_eabi.lib</file>
         <name>copy_decompress_none.c.obj</name>
      </input_file>
      <input_file id="fl-d4">
         <path>C:\ti\ccsv8\tools\compiler\ti-cgt-arm_18.1.4.LTS\lib\</path>
         <kind>archive</kind>
         <file>rtsv7M4_T_le_v4SPD16_eabi.lib</file>
         <name>copy_decompress_lzss.c.obj</name>
      </input_file>
      <input_file id="fl-d5">
         <path>C:\ti\ccsv8\tools\compiler\ti-cgt-arm_18.1.4.LTS\lib\</path>
         <kind>archive</kind>
         <file>rtsv7M4_T_le_v4SPD16_eabi.lib</file>
         <name>errno.c.obj</name>
      </input_file>
      <input_file id="fl-d6">
         <path>C:\ti\ccsv8\tools\compiler\ti-cgt-arm_18.1.4.LTS\lib\</path>
         <kind>archive</kind>
         <file>rtsv7M4_T_le_v4SPD16_eabi.lib</file>
         <name>boot_cortex_m.c.obj</name>
      </input_file>
      <input_file id="fl-d7">
         <path>C:\ti\ccsv8\tools\compiler\ti-cgt-arm_18.1.4.LTS\lib\</path>
         <kind>archive</kind>
         <file>rtsv7M4_T_le_v4SPD16_eabi.lib</file>
         <name>exit.c.obj</name>
      </input_file>
      <input_file id="fl-d8">
         <path>C:\ti\ccsv8\tools\compiler\ti-cgt-arm_18.1.4.LTS\lib\</path>
         <kind>archive</kind>
         <file>rtsv7M4_T_le_v4SPD16_eabi.lib</file>
         <name>_lock.c.obj</name>
      </input_file>
      <input_file id="fl-d9">
         <path>C:\ti\ccsv8\tools\compiler\ti-cgt-arm_18.1.4.LTS\lib\</path>
         <kind>archive</kind>
         <file>rtsv7M4_T_le_v4SPD16_eabi.lib</file>
         <name>args_main.c.obj</name>
      </input_file>
      <input_file id="fl-da">
         <path>C:\ti\ccsv8\tools\compiler\ti-cgt-arm_18.1.4.LTS\lib\</path>
         <kind>archive</kind>
         <file>rtsv7M4_T_le_v4SPD16_eabi.lib</file>
         <name>s_copysign.c.obj</name>
      </input_file>
      <input_file id="fl-db">
         <path>C:\ti\ccsv8\tools\compiler\ti-cgt-arm_18.1.4.LTS\lib\</path>
         <kind>archive</kind>
         <file>rtsv7M4_T_le_v4SPD16_eabi.lib</file>
         <name>div0.asm.obj</name>
      </input_file>
      <input_file id="fl-dc">
         <path>C:\ti\ccsv8\tools\compiler\ti-cgt-arm_18.1.4.LTS\lib\</path>
         <kind>archive</kind>
         <file>rtsv7M4_T_le_v4SPD16_eabi.lib</file>
         <name>memcpy_t2.asm.obj</name>
      </input_file>
      <input_file id="fl-dd">
         <path>C:\ti\ccsv8\tools\compiler\ti-cgt-arm_18.1.4.LTS\lib\</path>
         <kind>archive</kind>
         <file>rtsv7M4_T_le_v4SPD16_eabi.lib</file>
         <name>memset_t2.asm.obj</name>
      </input_file>
      <input_file id="fl-de">
         <path>C:\ti\ccsv8\tools\compiler\ti-cgt-arm_18.1.4.LTS\lib\</path>
         <kind>archive</kind>
         <file>rtsv7M4_T_le_v4SPD16_eabi.lib</file>
         <name>autoinit.c.obj</name>
      </input_file>
      <input_file id="fl-df">
         <path>C:\ti\ccsv8\tools\compiler\ti-cgt-arm_18.1.4.LTS\lib\</path>
         <kind>archive</kind>
         <file>rtsv7M4_T_le_v4SPD16_eabi.lib</file>
         <name>pre_init.c.obj</name>
      </input_file>
      <input_file id="fl-e0">
         <path>C:\ti\ccsv8\tools\compiler\ti-cgt-arm_18.1.4.LTS\lib\</path>
         <kind>archive</kind>
         <file>rtsv7M4_T_le_v4SPD16_eabi.lib</file>
         <name>cpy_tbl.c.obj</name>
      </input_file>
      <input_file id="fl-e1">
         <path>C:\ti\TivaWare_C_Series-2.1.4.178\driverlib\ccs\Debug\</path>
         <kind>archive</kind>
         <file>driverlib.lib</file>
         <name>adc.obj</name>
      </input_file>
      <input_file id="fl-e2">
         <path>C:\ti\TivaWare_C_Series-2.1.4.178\driverlib\ccs\Debug\</path>
         <kind>archive</kind>
         <file>driverlib.lib</file>
         <name>gpio.obj</name>
      </input_file>
      <input_file id="fl-e3">
         <path>C:\ti\TivaWare_C_Series-2.1.4.178\driverlib\ccs\Debug\</path>
         <kind>archive</kind>
         <file>driverlib.lib</file>
         <name>i2c.obj</name>
      </input_file>
      <input_file id="fl-e4">
         <path>C:\ti\TivaWare_C_Series-2.1.4.178\driverlib\ccs\Debug\</path>
         <kind>archive</kind>
         <file>driverlib.lib</file>
         <name>interrupt.obj</name>
      </input_file>
      <input_file id="fl-e5">
         <path>C:\ti\TivaWare_C_Series-2.1.4.178\driverlib\ccs\Debug\</path>
         <kind>archive</kind>
         <file>driverlib.lib</file>
         <name>pwm.obj</name>
      </input_file>
      <input_file id="fl-e6">
         <path>C:\ti\TivaWare_C_Series-2.1.4.178\driverlib\ccs\Debug\</path>
         <kind>archive</kind>
         <file>driverlib.lib</file>
         <name>sysctl.obj</name>
      </input_file>
      <input_file id="fl-e7">
         <path>C:\ti\TivaWare_C_Series-2.1.4.178\driverlib\ccs\Debug\</path>
         <kind>archive</kind>
         <file>driverlib.lib</file>
         <name>cpu.obj</name>
      </input_file>
   </input_file_list>
   <object_component_list>
      <object_component id="oc-f">
         <name>.intvecs</name>
         <load_address>0x0</load_address>
         <run_address>0x0</run_address>
         <size>0x26c</size>
         <input_file_ref idref="fl-9"/>
      </object_component>
      <object_component id="oc-24d">
         <name>.text:pow</name>
         <load_address>0x26c</load_address>
         <run_address>0x26c</run_address>
         <size>0x9c0</size>
         <input_file_ref idref="fl-c6"/>
      </object_component>
      <object_component id="oc-326">
         <name>.text:atan</name>
         <load_address>0xc2c</load_address>
         <run_address>0xc2c</run_address>
         <size>0x2ec</size>
         <input_file_ref idref="fl-c8"/>
      </object_component>
      <object_component id="oc-ad">
         <name>.text:main</name>
         <load_address>0xf18</load_address>
         <run_address>0xf18</run_address>
         <size>0x2bc</size>
         <input_file_ref idref="fl-2"/>
      </object_component>
      <object_component id="oc-242">
         <name>.text:atan2</name>
         <load_address>0x11d4</load_address>
         <run_address>0x11d4</run_address>
         <size>0x1d8</size>
         <input_file_ref idref="fl-c5"/>
      </object_component>
      <object_component id="oc-ed">
         <name>.text:getRotationMatrix</name>
         <load_address>0x13ac</load_address>
         <run_address>0x13ac</run_address>
         <size>0x1bc</size>
         <input_file_ref idref="fl-8"/>
      </object_component>
      <object_component id="oc-253">
         <name>.text</name>
         <load_address>0x1568</load_address>
         <run_address>0x1568</run_address>
         <size>0x1b6</size>
         <input_file_ref idref="fl-cb"/>
      </object_component>
      <object_component id="oc-30">
         <name>.text:FaultISR</name>
         <load_address>0x171e</load_address>
         <run_address>0x171e</run_address>
         <size>0x2</size>
         <input_file_ref idref="fl-9"/>
      </object_component>
      <object_component id="oc-da">
         <name>.text:InitializeMicro</name>
         <load_address>0x1720</load_address>
         <run_address>0x1720</run_address>
         <size>0x194</size>
         <input_file_ref idref="fl-5"/>
      </object_component>
      <object_component id="oc-210">
         <name>.text:sqrt</name>
         <load_address>0x18b4</load_address>
         <run_address>0x18b4</run_address>
         <size>0x158</size>
         <input_file_ref idref="fl-c7"/>
      </object_component>
      <object_component id="oc-32c">
         <name>.text</name>
         <load_address>0x1a0c</load_address>
         <run_address>0x1a0c</run_address>
         <size>0x136</size>
         <input_file_ref idref="fl-cd"/>
      </object_component>
      <object_component id="oc-18b">
         <name>.text:GPIOPadConfigSet</name>
         <load_address>0x1b42</load_address>
         <run_address>0x1b42</run_address>
         <size>0x132</size>
         <input_file_ref idref="fl-e2"/>
      </object_component>
      <object_component id="oc-f3">
         <name>.text:getThetas</name>
         <load_address>0x1c74</load_address>
         <run_address>0x1c74</run_address>
         <size>0x128</size>
         <input_file_ref idref="fl-8"/>
      </object_component>
      <object_component id="oc-1c7">
         <name>.text:SysCtlClockGet</name>
         <load_address>0x1d9c</load_address>
         <run_address>0x1d9c</run_address>
         <size>0x110</size>
         <input_file_ref idref="fl-e6"/>
      </object_component>
      <object_component id="oc-346">
         <name>.text:scalbn</name>
         <load_address>0x1eac</load_address>
         <run_address>0x1eac</run_address>
         <size>0x110</size>
         <input_file_ref idref="fl-c9"/>
      </object_component>
      <object_component id="oc-248">
         <name>.text</name>
         <load_address>0x1fbc</load_address>
         <run_address>0x1fbc</run_address>
         <size>0xfc</size>
         <input_file_ref idref="fl-ce"/>
      </object_component>
      <object_component id="oc-155">
         <name>.text:SysCtlClockSet</name>
         <load_address>0x20b8</load_address>
         <run_address>0x20b8</run_address>
         <size>0xf4</size>
         <input_file_ref idref="fl-e6"/>
      </object_component>
      <object_component id="oc-21d">
         <name>.text:matrixMultiply</name>
         <load_address>0x21ac</load_address>
         <run_address>0x21ac</run_address>
         <size>0xd0</size>
         <input_file_ref idref="fl-8"/>
      </object_component>
      <object_component id="oc-1fd">
         <name>.text:LButtonDown</name>
         <load_address>0x227c</load_address>
         <run_address>0x227c</run_address>
         <size>0xc8</size>
         <input_file_ref idref="fl-2"/>
      </object_component>
      <object_component id="oc-2f4">
         <name>.text:detumble</name>
         <load_address>0x2344</load_address>
         <run_address>0x2344</run_address>
         <size>0xc4</size>
         <input_file_ref idref="fl-2"/>
      </object_component>
      <object_component id="oc-4a">
         <name>.text</name>
         <load_address>0x2408</load_address>
         <run_address>0x2408</run_address>
         <size>0x9c</size>
         <input_file_ref idref="fl-dc"/>
      </object_component>
      <object_component id="oc-e7">
         <name>.text:getUnitVec</name>
         <load_address>0x24a4</load_address>
         <run_address>0x24a4</run_address>
         <size>0x94</size>
         <input_file_ref idref="fl-8"/>
      </object_component>
      <object_component id="oc-223">
         <name>.text:matrixAdd</name>
         <load_address>0x2538</load_address>
         <run_address>0x2538</run_address>
         <size>0x90</size>
         <input_file_ref idref="fl-8"/>
      </object_component>
      <object_component id="oc-33c">
         <name>.text:__aeabi_cdcmple</name>
         <load_address>0x25c8</load_address>
         <run_address>0x25c8</run_address>
         <size>0x86</size>
         <input_file_ref idref="fl-cc"/>
      </object_component>
      <object_component id="oc-341">
         <name>.text:__aeabi_cdrcmple</name>
         <load_address>0x264e</load_address>
         <run_address>0x264e</run_address>
         <size>0x86</size>
         <input_file_ref idref="fl-cc"/>
      </object_component>
      <object_component id="oc-179">
         <name>.text:ADCSequenceStepConfigure</name>
         <load_address>0x26d4</load_address>
         <run_address>0x26d4</run_address>
         <size>0x7a</size>
         <input_file_ref idref="fl-e1"/>
      </object_component>
      <object_component id="oc-229">
         <name>.text:matrixMultiplyScalar</name>
         <load_address>0x274e</load_address>
         <run_address>0x274e</run_address>
         <size>0x7a</size>
         <input_file_ref idref="fl-8"/>
      </object_component>
      <object_component id="oc-216">
         <name>.text</name>
         <load_address>0x27c8</load_address>
         <run_address>0x27c8</run_address>
         <size>0x6e</size>
         <input_file_ref idref="fl-cf"/>
      </object_component>
      <object_component id="oc-36">
         <name>.text:IntDefaultHandler</name>
         <load_address>0x2836</load_address>
         <run_address>0x2836</run_address>
         <size>0x2</size>
         <input_file_ref idref="fl-9"/>
      </object_component>
      <object_component id="oc-2c4">
         <name>.text:IntEnable</name>
         <load_address>0x2838</load_address>
         <run_address>0x2838</run_address>
         <size>0x68</size>
         <input_file_ref idref="fl-e4"/>
      </object_component>
      <object_component id="oc-12">
         <name>.text:decompress:lzss:__TI_decompress_lzss</name>
         <load_address>0x28a0</load_address>
         <run_address>0x28a0</run_address>
         <size>0x68</size>
         <input_file_ref idref="fl-d4"/>
      </object_component>
      <object_component id="oc-f9">
         <name>.text:I2CReceive</name>
         <load_address>0x2908</load_address>
         <run_address>0x2908</run_address>
         <size>0x5c</size>
         <input_file_ref idref="fl-4"/>
      </object_component>
      <object_component id="oc-ff">
         <name>.text:spinRWZ</name>
         <load_address>0x2964</load_address>
         <run_address>0x2964</run_address>
         <size>0x5c</size>
         <input_file_ref idref="fl-7"/>
      </object_component>
      <object_component id="oc-1a3">
         <name>.text:GPIOIntTypeSet</name>
         <load_address>0x29c0</load_address>
         <run_address>0x29c0</run_address>
         <size>0x56</size>
         <input_file_ref idref="fl-e2"/>
      </object_component>
      <object_component id="oc-173">
         <name>.text:ADCSequenceConfigure</name>
         <load_address>0x2a16</load_address>
         <run_address>0x2a16</run_address>
         <size>0x50</size>
         <input_file_ref idref="fl-e1"/>
      </object_component>
      <object_component id="oc-2a">
         <name>.text:NmiSR</name>
         <load_address>0x2a66</load_address>
         <run_address>0x2a66</run_address>
         <size>0x2</size>
         <input_file_ref idref="fl-9"/>
      </object_component>
      <object_component id="oc-1af">
         <name>.text:SysCtlPeripheralReset</name>
         <load_address>0x2a68</load_address>
         <run_address>0x2a68</run_address>
         <size>0x50</size>
         <input_file_ref idref="fl-e6"/>
      </object_component>
      <object_component id="oc-1cd">
         <name>.text:I2CMasterInitExpClk</name>
         <load_address>0x2ab8</load_address>
         <run_address>0x2ab8</run_address>
         <size>0x4c</size>
         <input_file_ref idref="fl-e3"/>
      </object_component>
      <object_component id="oc-1b5">
         <name>.text:GPIOPinConfigure</name>
         <load_address>0x2b04</load_address>
         <run_address>0x2b04</run_address>
         <size>0x48</size>
         <input_file_ref idref="fl-e2"/>
      </object_component>
      <object_component id="oc-2b8">
         <name>.text:_GPIOIntNumberGet</name>
         <load_address>0x2b4c</load_address>
         <run_address>0x2b4c</run_address>
         <size>0x44</size>
         <input_file_ref idref="fl-e2"/>
      </object_component>
      <object_component id="oc-121">
         <name>.text:__TI_auto_init_nobinit_nopinit:__TI_auto_init_nobinit_nopinit</name>
         <load_address>0x2b90</load_address>
         <run_address>0x2b90</run_address>
         <size>0x44</size>
         <input_file_ref idref="fl-de"/>
      </object_component>
      <object_component id="oc-68">
         <name>.text:_c_int00_noargs:_c_int00_noargs</name>
         <load_address>0x2bd4</load_address>
         <run_address>0x2bd4</run_address>
         <size>0x38</size>
         <input_file_ref idref="fl-d6"/>
      </object_component>
      <object_component id="oc-20b">
         <name>.text</name>
         <load_address>0x2c0c</load_address>
         <run_address>0x2c0c</run_address>
         <size>0x38</size>
         <input_file_ref idref="fl-d0"/>
      </object_component>
      <object_component id="oc-2be">
         <name>.text:IntRegister</name>
         <load_address>0x2c44</load_address>
         <run_address>0x2c44</run_address>
         <size>0x34</size>
         <input_file_ref idref="fl-e4"/>
      </object_component>
      <object_component id="oc-2fa">
         <name>.text:LButtonUp</name>
         <load_address>0x2c78</load_address>
         <run_address>0x2c78</run_address>
         <size>0x34</size>
         <input_file_ref idref="fl-2"/>
      </object_component>
      <object_component id="oc-15b">
         <name>.text:SysCtlPeripheralEnable</name>
         <load_address>0x2cac</load_address>
         <run_address>0x2cac</run_address>
         <size>0x34</size>
         <input_file_ref idref="fl-e6"/>
      </object_component>
      <object_component id="oc-2ee">
         <name>.text:pollADC</name>
         <load_address>0x2ce0</load_address>
         <run_address>0x2ce0</run_address>
         <size>0x34</size>
         <input_file_ref idref="fl-3"/>
      </object_component>
      <object_component id="oc-3a0">
         <name>.text:ADCIntStatus</name>
         <load_address>0x2d14</load_address>
         <run_address>0x2d14</run_address>
         <size>0x2e</size>
         <input_file_ref idref="fl-e1"/>
      </object_component>
      <object_component id="oc-334">
         <name>.text</name>
         <load_address>0x2d42</load_address>
         <run_address>0x2d42</run_address>
         <size>0x2e</size>
         <input_file_ref idref="fl-d1"/>
      </object_component>
      <object_component id="oc-2a6">
         <name>.text:GPIODirModeSet</name>
         <load_address>0x2d70</load_address>
         <run_address>0x2d70</run_address>
         <size>0x2a</size>
         <input_file_ref idref="fl-e2"/>
      </object_component>
      <object_component id="oc-1df">
         <name>.text:PWMGenConfigure</name>
         <load_address>0x2d9a</load_address>
         <run_address>0x2d9a</run_address>
         <size>0x22</size>
         <input_file_ref idref="fl-e5"/>
      </object_component>
      <object_component id="oc-3a6">
         <name>.text:ADCSequenceDataGet</name>
         <load_address>0x2dbc</load_address>
         <run_address>0x2dbc</run_address>
         <size>0x1e</size>
         <input_file_ref idref="fl-e1"/>
      </object_component>
      <object_component id="oc-1eb">
         <name>.text:PWMPulseWidthSet</name>
         <load_address>0x2dda</load_address>
         <run_address>0x2dda</run_address>
         <size>0x1e</size>
         <input_file_ref idref="fl-e5"/>
      </object_component>
      <object_component id="oc-39a">
         <name>.text:ADCProcessorTrigger</name>
         <load_address>0x2df8</load_address>
         <run_address>0x2df8</run_address>
         <size>0x18</size>
         <input_file_ref idref="fl-e1"/>
      </object_component>
      <object_component id="oc-19d">
         <name>.text:GPIOIntRegister</name>
         <load_address>0x2e10</load_address>
         <run_address>0x2e10</run_address>
         <size>0x18</size>
         <input_file_ref idref="fl-e2"/>
      </object_component>
      <object_component id="oc-161">
         <name>.text:GPIOPinTypeGPIOOutput</name>
         <load_address>0x2e28</load_address>
         <run_address>0x2e28</run_address>
         <size>0x18</size>
         <input_file_ref idref="fl-e2"/>
      </object_component>
      <object_component id="oc-1d3">
         <name>.text:SysCtlPWMClockSet</name>
         <load_address>0x2e40</load_address>
         <run_address>0x2e40</run_address>
         <size>0x14</size>
         <input_file_ref idref="fl-e6"/>
      </object_component>
      <object_component id="oc-3d6">
         <name>.text:copysign</name>
         <load_address>0x2e54</load_address>
         <run_address>0x2e54</run_address>
         <size>0x14</size>
         <input_file_ref idref="fl-da"/>
      </object_component>
      <object_component id="oc-16d">
         <name>.text:GPIOPinTypeADC</name>
         <load_address>0x2e68</load_address>
         <run_address>0x2e68</run_address>
         <size>0x12</size>
         <input_file_ref idref="fl-e2"/>
      </object_component>
      <object_component id="oc-167">
         <name>.text:GPIOPinTypeGPIOInput</name>
         <load_address>0x2e7a</load_address>
         <run_address>0x2e7a</run_address>
         <size>0x12</size>
         <input_file_ref idref="fl-e2"/>
      </object_component>
      <object_component id="oc-1c1">
         <name>.text:GPIOPinTypeI2C</name>
         <load_address>0x2e8c</load_address>
         <run_address>0x2e8c</run_address>
         <size>0x12</size>
         <input_file_ref idref="fl-e2"/>
      </object_component>
      <object_component id="oc-1bb">
         <name>.text:GPIOPinTypeI2CSCL</name>
         <load_address>0x2e9e</load_address>
         <run_address>0x2e9e</run_address>
         <size>0x12</size>
         <input_file_ref idref="fl-e2"/>
      </object_component>
      <object_component id="oc-1d9">
         <name>.text:GPIOPinTypePWM</name>
         <load_address>0x2eb0</load_address>
         <run_address>0x2eb0</run_address>
         <size>0x12</size>
         <input_file_ref idref="fl-e2"/>
      </object_component>
      <object_component id="oc-1f7">
         <name>.text:PWMOutputState</name>
         <load_address>0x2ec2</load_address>
         <run_address>0x2ec2</run_address>
         <size>0x12</size>
         <input_file_ref idref="fl-e5"/>
      </object_component>
      <object_component id="oc-56">
         <name>.text:decompress:ZI:__TI_zero_init_nomemset:__TI_zero_init_nomemset</name>
         <load_address>0x2ed4</load_address>
         <run_address>0x2ed4</run_address>
         <size>0x12</size>
         <input_file_ref idref="fl-d2"/>
      </object_component>
      <object_component id="oc-1e5">
         <name>.text:PWMGenPeriodSet</name>
         <load_address>0x2ee6</load_address>
         <run_address>0x2ee6</run_address>
         <size>0x10</size>
         <input_file_ref idref="fl-e5"/>
      </object_component>
      <object_component id="oc-17f">
         <name>.text:ADCSequenceEnable</name>
         <load_address>0x2ef6</load_address>
         <run_address>0x2ef6</run_address>
         <size>0xe</size>
         <input_file_ref idref="fl-e1"/>
      </object_component>
      <object_component id="oc-191">
         <name>.text:GPIOIntDisable</name>
         <load_address>0x2f04</load_address>
         <run_address>0x2f04</run_address>
         <size>0xe</size>
         <input_file_ref idref="fl-e2"/>
      </object_component>
      <object_component id="oc-2e8">
         <name>.text:GPIOIntStatus</name>
         <load_address>0x2f12</load_address>
         <run_address>0x2f12</run_address>
         <size>0xe</size>
         <input_file_ref idref="fl-e2"/>
      </object_component>
      <object_component id="oc-18">
         <name>.text:decompress:none:__TI_decompress_none</name>
         <load_address>0x2f20</load_address>
         <run_address>0x2f20</run_address>
         <size>0xe</size>
         <input_file_ref idref="fl-d3"/>
      </object_component>
      <object_component id="oc-1a9">
         <name>.text:GPIOIntEnable</name>
         <load_address>0x2f2e</load_address>
         <run_address>0x2f2e</run_address>
         <size>0xc</size>
         <input_file_ref idref="fl-e2"/>
      </object_component>
      <object_component id="oc-1f1">
         <name>.text:PWMGenEnable</name>
         <load_address>0x2f3a</load_address>
         <run_address>0x2f3a</run_address>
         <size>0xc</size>
         <input_file_ref idref="fl-e5"/>
      </object_component>
      <object_component id="oc-185">
         <name>.text:ADCIntClear</name>
         <load_address>0x2f46</load_address>
         <run_address>0x2f46</run_address>
         <size>0xa</size>
         <input_file_ref idref="fl-e1"/>
      </object_component>
      <object_component id="oc-2d8">
         <name>.text:I2CMasterEnable</name>
         <load_address>0x2f50</load_address>
         <run_address>0x2f50</run_address>
         <size>0xa</size>
         <input_file_ref idref="fl-e3"/>
      </object_component>
      <object_component id="oc-3ae">
         <name>.text:spinRWX</name>
         <load_address>0x2f5a</load_address>
         <run_address>0x2f5a</run_address>
         <size>0xa</size>
         <input_file_ref idref="fl-7"/>
      </object_component>
      <object_component id="oc-3b4">
         <name>.text:spinRWY</name>
         <load_address>0x2f64</load_address>
         <run_address>0x2f64</run_address>
         <size>0xa</size>
         <input_file_ref idref="fl-7"/>
      </object_component>
      <object_component id="oc-26b">
         <name>.text:I2CMasterBusy</name>
         <load_address>0x2f6e</load_address>
         <run_address>0x2f6e</run_address>
         <size>0x8</size>
         <input_file_ref idref="fl-e3"/>
      </object_component>
      <object_component id="oc-259">
         <name>.text:I2CMasterSlaveAddrSet</name>
         <load_address>0x2f76</load_address>
         <run_address>0x2f76</run_address>
         <size>0x8</size>
         <input_file_ref idref="fl-e3"/>
      </object_component>
      <object_component id="oc-307">
         <name>.text:__aeabi_errno_addr</name>
         <load_address>0x2f80</load_address>
         <run_address>0x2f80</run_address>
         <size>0x8</size>
         <input_file_ref idref="fl-d5"/>
      </object_component>
      <object_component id="oc-197">
         <name>.text:GPIOIntClear</name>
         <load_address>0x2f88</load_address>
         <run_address>0x2f88</run_address>
         <size>0x6</size>
         <input_file_ref idref="fl-e2"/>
      </object_component>
      <object_component id="oc-e0">
         <name>.text:GPIOPinWrite</name>
         <load_address>0x2f8e</load_address>
         <run_address>0x2f8e</run_address>
         <size>0x6</size>
         <input_file_ref idref="fl-e2"/>
      </object_component>
      <object_component id="oc-24">
         <name>.text:ResetISR</name>
         <load_address>0x2f94</load_address>
         <run_address>0x2f94</run_address>
         <size>0x6</size>
         <input_file_ref idref="fl-9"/>
      </object_component>
      <object_component id="oc-e6">
         <name>.text:SysCtlDelay</name>
         <load_address>0x2f9a</load_address>
         <run_address>0x2f9a</run_address>
         <size>0x6</size>
         <input_file_ref idref="fl-e6"/>
      </object_component>
      <object_component id="oc-265">
         <name>.text:I2CMasterControl</name>
         <load_address>0x2fa0</load_address>
         <run_address>0x2fa0</run_address>
         <size>0x4</size>
         <input_file_ref idref="fl-e3"/>
      </object_component>
      <object_component id="oc-271">
         <name>.text:I2CMasterDataGet</name>
         <load_address>0x2fa4</load_address>
         <run_address>0x2fa4</run_address>
         <size>0x4</size>
         <input_file_ref idref="fl-e3"/>
      </object_component>
      <object_component id="oc-25f">
         <name>.text:I2CMasterDataPut</name>
         <load_address>0x2fa8</load_address>
         <run_address>0x2fa8</run_address>
         <size>0x4</size>
         <input_file_ref idref="fl-e3"/>
      </object_component>
      <object_component id="oc-a7">
         <name>.text:_system_pre_init</name>
         <load_address>0x2fac</load_address>
         <run_address>0x2fac</run_address>
         <size>0x4</size>
         <input_file_ref idref="fl-df"/>
      </object_component>
      <object_component id="oc-115">
         <name>.text:abort:abort</name>
         <load_address>0x2fb0</load_address>
         <run_address>0x2fb0</run_address>
         <size>0x4</size>
         <input_file_ref idref="fl-d7"/>
      </object_component>
      <object_component id="oc-383">
         <name>.const:g_ppui32GPIOIntMapSnowflake</name>
         <load_address>0x2fb8</load_address>
         <run_address>0x2fb8</run_address>
         <size>0xd8</size>
         <input_file_ref idref="fl-e2"/>
      </object_component>
      <object_component id="oc-380">
         <name>.const:g_ppui32GPIOIntMapBlizzard</name>
         <load_address>0x3090</load_address>
         <run_address>0x3090</run_address>
         <size>0xc0</size>
         <input_file_ref idref="fl-e2"/>
      </object_component>
      <object_component id="oc-3ca">
         <name>.const:$O1$$</name>
         <load_address>0x3150</load_address>
         <run_address>0x3150</run_address>
         <size>0x98</size>
         <input_file_ref idref="fl-c8"/>
      </object_component>
      <object_component id="oc-2ce">
         <name>.const:g_pui32GPIOBaseAddrs</name>
         <load_address>0x31e8</load_address>
         <run_address>0x31e8</run_address>
         <size>0x90</size>
         <input_file_ref idref="fl-e2"/>
      </object_component>
      <object_component id="oc-38c">
         <name>.const</name>
         <load_address>0x3278</load_address>
         <run_address>0x3278</run_address>
         <size>0x70</size>
         <input_file_ref idref="fl-e4"/>
      </object_component>
      <object_component id="oc-2d4">
         <name>.const:g_pui32Xtals</name>
         <load_address>0x32e8</load_address>
         <run_address>0x32e8</run_address>
         <size>0x6c</size>
         <input_file_ref idref="fl-e6"/>
      </object_component>
      <object_component id="oc-339">
         <name>.const:$O1$$</name>
         <load_address>0x3358</load_address>
         <run_address>0x3358</run_address>
         <size>0x30</size>
         <input_file_ref idref="fl-c6"/>
      </object_component>
      <object_component id="oc-232">
         <name>.const:$P$T1$2</name>
         <load_address>0x3388</load_address>
         <run_address>0x3388</run_address>
         <size>0x24</size>
         <input_file_ref idref="fl-8"/>
      </object_component>
      <object_component id="oc-235">
         <name>.const:$P$T2$3</name>
         <load_address>0x33ac</load_address>
         <run_address>0x33ac</run_address>
         <size>0x24</size>
         <input_file_ref idref="fl-8"/>
      </object_component>
      <object_component id="oc-238">
         <name>.const:$P$T3$4</name>
         <load_address>0x33d0</load_address>
         <run_address>0x33d0</run_address>
         <size>0x24</size>
         <input_file_ref idref="fl-8"/>
      </object_component>
      <object_component id="oc-111">
         <name>.const:$P$T4$5</name>
         <load_address>0x33f4</load_address>
         <run_address>0x33f4</run_address>
         <size>0x24</size>
         <input_file_ref idref="fl-2"/>
      </object_component>
      <object_component id="oc-23b">
         <name>.const:$P$T4$5</name>
         <load_address>0x3418</load_address>
         <run_address>0x3418</run_address>
         <size>0x24</size>
         <input_file_ref idref="fl-8"/>
      </object_component>
      <object_component id="oc-23e">
         <name>.const:$P$T5$6</name>
         <load_address>0x343c</load_address>
         <run_address>0x343c</run_address>
         <size>0x24</size>
         <input_file_ref idref="fl-8"/>
      </object_component>
      <object_component id="oc-105">
         <name>.const:$P$T0$1</name>
         <load_address>0x3460</load_address>
         <run_address>0x3460</run_address>
         <size>0xc</size>
         <input_file_ref idref="fl-2"/>
      </object_component>
      <object_component id="oc-22f">
         <name>.const:$P$T0$1</name>
         <load_address>0x346c</load_address>
         <run_address>0x346c</run_address>
         <size>0xc</size>
         <input_file_ref idref="fl-8"/>
      </object_component>
      <object_component id="oc-108">
         <name>.const:$P$T1$2</name>
         <load_address>0x3478</load_address>
         <run_address>0x3478</run_address>
         <size>0xc</size>
         <input_file_ref idref="fl-2"/>
      </object_component>
      <object_component id="oc-10b">
         <name>.const:$P$T2$3</name>
         <load_address>0x3484</load_address>
         <run_address>0x3484</run_address>
         <size>0xc</size>
         <input_file_ref idref="fl-2"/>
      </object_component>
      <object_component id="oc-10e">
         <name>.const:$P$T3$4</name>
         <load_address>0x3490</load_address>
         <run_address>0x3490</run_address>
         <size>0xc</size>
         <input_file_ref idref="fl-2"/>
      </object_component>
      <object_component id="oc-43e">
         <name>__TI_handler_table</name>
         <load_address>0x34a0</load_address>
         <run_address>0x34a0</run_address>
         <size>0xc</size>
      </object_component>
      <object_component id="oc-441">
         <name>.cinit..data.load</name>
         <load_address>0x34ac</load_address>
         <run_address>0x34ac</run_address>
         <size>0x8</size>
      </object_component>
      <object_component id="oc-440">
         <name>.cinit..vtable.load</name>
         <load_address>0x34b8</load_address>
         <run_address>0x34b8</run_address>
         <size>0x8</size>
      </object_component>
      <object_component id="oc-43f">
         <name>__TI_cinit_table</name>
         <load_address>0x34c0</load_address>
         <run_address>0x34c0</run_address>
         <size>0x10</size>
      </object_component>
      <object_component id="oc-387">
         <name>.vtable</name>
         <uninitialized>true</uninitialized>
         <run_address>0x20000000</run_address>
         <size>0x26c</size>
         <input_file_ref idref="fl-e4"/>
      </object_component>
      <object_component id="oc-300">
         <name>.data</name>
         <load_address>0x20000470</load_address>
         <run_address>0x20000470</run_address>
         <size>0x18</size>
         <input_file_ref idref="fl-2"/>
      </object_component>
      <object_component id="oc-3be">
         <name>.data</name>
         <load_address>0x20000488</load_address>
         <run_address>0x20000488</run_address>
         <size>0x4</size>
         <input_file_ref idref="fl-d5"/>
      </object_component>
      <object_component id="oc-21">
         <name>.stack</name>
         <uninitialized>true</uninitialized>
         <run_address>0x20000270</run_address>
         <size>0x4</size>
         <input_file_ref idref="fl-d6"/>
      </object_component>
      <object_component id="oc-442">
         <name>.stack</name>
         <uninitialized>true</uninitialized>
         <run_address>0x20000270</run_address>
         <size>0x0</size>
      </object_component>
      <object_component id="oc-c9">
         <name>.debug_info</name>
         <load_address>0x0</load_address>
         <run_address>0x0</run_address>
         <size>0x5ee</size>
         <input_file_ref idref="fl-2"/>
      </object_component>
      <object_component id="oc-301">
         <name>.debug_info</name>
         <load_address>0x5ee</load_address>
         <run_address>0x5ee</run_address>
         <size>0x1bc</size>
         <input_file_ref idref="fl-2"/>
      </object_component>
      <object_component id="oc-106">
         <name>.debug_info</name>
         <load_address>0x7aa</load_address>
         <run_address>0x7aa</run_address>
         <size>0xc6</size>
         <input_file_ref idref="fl-2"/>
      </object_component>
      <object_component id="oc-109">
         <name>.debug_info</name>
         <load_address>0x870</load_address>
         <run_address>0x870</run_address>
         <size>0xc6</size>
         <input_file_ref idref="fl-2"/>
      </object_component>
      <object_component id="oc-10c">
         <name>.debug_info</name>
         <load_address>0x936</load_address>
         <run_address>0x936</run_address>
         <size>0xc6</size>
         <input_file_ref idref="fl-2"/>
      </object_component>
      <object_component id="oc-10f">
         <name>.debug_info</name>
         <load_address>0x9fc</load_address>
         <run_address>0x9fc</run_address>
         <size>0xc6</size>
         <input_file_ref idref="fl-2"/>
      </object_component>
      <object_component id="oc-112">
         <name>.debug_info</name>
         <load_address>0xac2</load_address>
         <run_address>0xac2</run_address>
         <size>0xc6</size>
         <input_file_ref idref="fl-2"/>
      </object_component>
      <object_component id="oc-af">
         <name>.debug_info</name>
         <load_address>0xb88</load_address>
         <run_address>0xb88</run_address>
         <size>0x388</size>
         <input_file_ref idref="fl-2"/>
      </object_component>
      <object_component id="oc-1ff">
         <name>.debug_info</name>
         <load_address>0xf10</load_address>
         <run_address>0xf10</run_address>
         <size>0x1bb</size>
         <input_file_ref idref="fl-2"/>
      </object_component>
      <object_component id="oc-2fc">
         <name>.debug_info</name>
         <load_address>0x10cb</load_address>
         <run_address>0x10cb</run_address>
         <size>0x14d</size>
         <input_file_ref idref="fl-2"/>
      </object_component>
      <object_component id="oc-2f6">
         <name>.debug_info</name>
         <load_address>0x1218</load_address>
         <run_address>0x1218</run_address>
         <size>0x206</size>
         <input_file_ref idref="fl-2"/>
      </object_component>
      <object_component id="oc-82">
         <name>.debug_info</name>
         <load_address>0x141e</load_address>
         <run_address>0x141e</run_address>
         <size>0x26b</size>
         <input_file_ref idref="fl-2"/>
      </object_component>
      <object_component id="oc-c4">
         <name>.debug_info</name>
         <load_address>0x1689</load_address>
         <run_address>0x1689</run_address>
         <size>0x8b</size>
         <input_file_ref idref="fl-2"/>
      </object_component>
      <object_component id="oc-bf">
         <name>.debug_info</name>
         <load_address>0x1714</load_address>
         <run_address>0x1714</run_address>
         <size>0x297</size>
         <input_file_ref idref="fl-2"/>
      </object_component>
      <object_component id="oc-87">
         <name>.debug_info</name>
         <load_address>0x19ab</load_address>
         <run_address>0x19ab</run_address>
         <size>0xbb</size>
         <input_file_ref idref="fl-2"/>
      </object_component>
      <object_component id="oc-3ad">
         <name>.debug_info</name>
         <load_address>0x1a66</load_address>
         <run_address>0x1a66</run_address>
         <size>0x345</size>
         <input_file_ref idref="fl-3"/>
      </object_component>
      <object_component id="oc-2ef">
         <name>.debug_info</name>
         <load_address>0x1dab</load_address>
         <run_address>0x1dab</run_address>
         <size>0x18f</size>
         <input_file_ref idref="fl-3"/>
      </object_component>
      <object_component id="oc-fb">
         <name>.debug_info</name>
         <load_address>0x1f3a</load_address>
         <run_address>0x1f3a</run_address>
         <size>0x220</size>
         <input_file_ref idref="fl-4"/>
      </object_component>
      <object_component id="oc-db">
         <name>.debug_info</name>
         <load_address>0x215a</load_address>
         <run_address>0x215a</run_address>
         <size>0x4b5</size>
         <input_file_ref idref="fl-5"/>
      </object_component>
      <object_component id="oc-3b1">
         <name>.debug_info</name>
         <load_address>0x260f</load_address>
         <run_address>0x260f</run_address>
         <size>0x14f</size>
         <input_file_ref idref="fl-7"/>
      </object_component>
      <object_component id="oc-3b7">
         <name>.debug_info</name>
         <load_address>0x275e</load_address>
         <run_address>0x275e</run_address>
         <size>0x14f</size>
         <input_file_ref idref="fl-7"/>
      </object_component>
      <object_component id="oc-102">
         <name>.debug_info</name>
         <load_address>0x28ad</load_address>
         <run_address>0x28ad</run_address>
         <size>0x196</size>
         <input_file_ref idref="fl-7"/>
      </object_component>
      <object_component id="oc-45">
         <name>.debug_info</name>
         <load_address>0x2a43</load_address>
         <run_address>0x2a43</run_address>
         <size>0x84</size>
         <input_file_ref idref="fl-7"/>
      </object_component>
      <object_component id="oc-21c">
         <name>.debug_info</name>
         <load_address>0x2ac7</load_address>
         <run_address>0x2ac7</run_address>
         <size>0x30b</size>
         <input_file_ref idref="fl-8"/>
      </object_component>
      <object_component id="oc-230">
         <name>.debug_info</name>
         <load_address>0x2dd2</load_address>
         <run_address>0x2dd2</run_address>
         <size>0xc9</size>
         <input_file_ref idref="fl-8"/>
      </object_component>
      <object_component id="oc-233">
         <name>.debug_info</name>
         <load_address>0x2e9b</load_address>
         <run_address>0x2e9b</run_address>
         <size>0xc9</size>
         <input_file_ref idref="fl-8"/>
      </object_component>
      <object_component id="oc-236">
         <name>.debug_info</name>
         <load_address>0x2f64</load_address>
         <run_address>0x2f64</run_address>
         <size>0xc9</size>
         <input_file_ref idref="fl-8"/>
      </object_component>
      <object_component id="oc-239">
         <name>.debug_info</name>
         <load_address>0x302d</load_address>
         <run_address>0x302d</run_address>
         <size>0xc9</size>
         <input_file_ref idref="fl-8"/>
      </object_component>
      <object_component id="oc-23c">
         <name>.debug_info</name>
         <load_address>0x30f6</load_address>
         <run_address>0x30f6</run_address>
         <size>0xc9</size>
         <input_file_ref idref="fl-8"/>
      </object_component>
      <object_component id="oc-23f">
         <name>.debug_info</name>
         <load_address>0x31bf</load_address>
         <run_address>0x31bf</run_address>
         <size>0xc9</size>
         <input_file_ref idref="fl-8"/>
      </object_component>
      <object_component id="oc-e9">
         <name>.debug_info</name>
         <load_address>0x3288</load_address>
         <run_address>0x3288</run_address>
         <size>0x1a1</size>
         <input_file_ref idref="fl-8"/>
      </object_component>
      <object_component id="oc-ef">
         <name>.debug_info</name>
         <load_address>0x3429</load_address>
         <run_address>0x3429</run_address>
         <size>0x279</size>
         <input_file_ref idref="fl-8"/>
      </object_component>
      <object_component id="oc-f5">
         <name>.debug_info</name>
         <load_address>0x36a2</load_address>
         <run_address>0x36a2</run_address>
         <size>0x2ff</size>
         <input_file_ref idref="fl-8"/>
      </object_component>
      <object_component id="oc-21f">
         <name>.debug_info</name>
         <load_address>0x39a1</load_address>
         <run_address>0x39a1</run_address>
         <size>0x1ae</size>
         <input_file_ref idref="fl-8"/>
      </object_component>
      <object_component id="oc-225">
         <name>.debug_info</name>
         <load_address>0x3b4f</load_address>
         <run_address>0x3b4f</run_address>
         <size>0x198</size>
         <input_file_ref idref="fl-8"/>
      </object_component>
      <object_component id="oc-22b">
         <name>.debug_info</name>
         <load_address>0x3ce7</load_address>
         <run_address>0x3ce7</run_address>
         <size>0x1b3</size>
         <input_file_ref idref="fl-8"/>
      </object_component>
      <object_component id="oc-3e">
         <name>.debug_info</name>
         <load_address>0x3e9a</load_address>
         <run_address>0x3e9a</run_address>
         <size>0x296</size>
         <input_file_ref idref="fl-9"/>
      </object_component>
      <object_component id="oc-10">
         <name>.debug_info</name>
         <load_address>0x4130</load_address>
         <run_address>0x4130</run_address>
         <size>0xd5</size>
         <input_file_ref idref="fl-9"/>
      </object_component>
      <object_component id="oc-25">
         <name>.debug_info</name>
         <load_address>0x4205</load_address>
         <run_address>0x4205</run_address>
         <size>0x105</size>
         <input_file_ref idref="fl-9"/>
      </object_component>
      <object_component id="oc-2b">
         <name>.debug_info</name>
         <load_address>0x430a</load_address>
         <run_address>0x430a</run_address>
         <size>0xf4</size>
         <input_file_ref idref="fl-9"/>
      </object_component>
      <object_component id="oc-31">
         <name>.debug_info</name>
         <load_address>0x43fe</load_address>
         <run_address>0x43fe</run_address>
         <size>0xfc</size>
         <input_file_ref idref="fl-9"/>
      </object_component>
      <object_component id="oc-37">
         <name>.debug_info</name>
         <load_address>0x44fa</load_address>
         <run_address>0x44fa</run_address>
         <size>0x10e</size>
         <input_file_ref idref="fl-9"/>
      </object_component>
      <object_component id="oc-332">
         <name>.debug_info</name>
         <load_address>0x4608</load_address>
         <run_address>0x4608</run_address>
         <size>0x2ae</size>
         <input_file_ref idref="fl-c5"/>
      </object_component>
      <object_component id="oc-243">
         <name>.debug_info</name>
         <load_address>0x48b6</load_address>
         <run_address>0x48b6</run_address>
         <size>0x247</size>
         <input_file_ref idref="fl-c5"/>
      </object_component>
      <object_component id="oc-3c3">
         <name>.debug_info</name>
         <load_address>0x4afd</load_address>
         <run_address>0x4afd</run_address>
         <size>0x46</size>
         <input_file_ref idref="fl-c5"/>
      </object_component>
      <object_component id="oc-30e">
         <name>.debug_info</name>
         <load_address>0x4b43</load_address>
         <run_address>0x4b43</run_address>
         <size>0x39</size>
         <input_file_ref idref="fl-c5"/>
      </object_component>
      <object_component id="oc-34d">
         <name>.debug_info</name>
         <load_address>0x4b7c</load_address>
         <run_address>0x4b7c</run_address>
         <size>0x363</size>
         <input_file_ref idref="fl-c6"/>
      </object_component>
      <object_component id="oc-33a">
         <name>.debug_info</name>
         <load_address>0x4edf</load_address>
         <run_address>0x4edf</run_address>
         <size>0x128</size>
         <input_file_ref idref="fl-c6"/>
      </object_component>
      <object_component id="oc-250">
         <name>.debug_info</name>
         <load_address>0x5007</load_address>
         <run_address>0x5007</run_address>
         <size>0xbdf</size>
         <input_file_ref idref="fl-c6"/>
      </object_component>
      <object_component id="oc-313">
         <name>.debug_info</name>
         <load_address>0x5be6</load_address>
         <run_address>0x5be6</run_address>
         <size>0x2ca</size>
         <input_file_ref idref="fl-c7"/>
      </object_component>
      <object_component id="oc-214">
         <name>.debug_info</name>
         <load_address>0x5eb0</load_address>
         <run_address>0x5eb0</run_address>
         <size>0x24d</size>
         <input_file_ref idref="fl-c7"/>
      </object_component>
      <object_component id="oc-40b">
         <name>.debug_info</name>
         <load_address>0x60fd</load_address>
         <run_address>0x60fd</run_address>
         <size>0x2f7</size>
         <input_file_ref idref="fl-c8"/>
      </object_component>
      <object_component id="oc-3cb">
         <name>.debug_info</name>
         <load_address>0x63f4</load_address>
         <run_address>0x63f4</run_address>
         <size>0x131</size>
         <input_file_ref idref="fl-c8"/>
      </object_component>
      <object_component id="oc-328">
         <name>.debug_info</name>
         <load_address>0x6525</load_address>
         <run_address>0x6525</run_address>
         <size>0x4ac</size>
         <input_file_ref idref="fl-c8"/>
      </object_component>
      <object_component id="oc-3dd">
         <name>.debug_info</name>
         <load_address>0x69d1</load_address>
         <run_address>0x69d1</run_address>
         <size>0x2fd</size>
         <input_file_ref idref="fl-c9"/>
      </object_component>
      <object_component id="oc-347">
         <name>.debug_info</name>
         <load_address>0x6cce</load_address>
         <run_address>0x6cce</run_address>
         <size>0x225</size>
         <input_file_ref idref="fl-c9"/>
      </object_component>
      <object_component id="oc-410">
         <name>.debug_info</name>
         <load_address>0x6ef3</load_address>
         <run_address>0x6ef3</run_address>
         <size>0x39</size>
         <input_file_ref idref="fl-c9"/>
      </object_component>
      <object_component id="oc-3de">
         <name>.debug_info</name>
         <load_address>0x6f2c</load_address>
         <run_address>0x6f2c</run_address>
         <size>0x2c</size>
         <input_file_ref idref="fl-c9"/>
      </object_component>
      <object_component id="oc-254">
         <name>.debug_info</name>
         <load_address>0x6f58</load_address>
         <run_address>0x6f58</run_address>
         <size>0x14f</size>
         <input_file_ref idref="fl-cb"/>
      </object_component>
      <object_component id="oc-33d">
         <name>.debug_info</name>
         <load_address>0x70a7</load_address>
         <run_address>0x70a7</run_address>
         <size>0x12b</size>
         <input_file_ref idref="fl-cc"/>
      </object_component>
      <object_component id="oc-344">
         <name>.debug_info</name>
         <load_address>0x71d2</load_address>
         <run_address>0x71d2</run_address>
         <size>0x12d</size>
         <input_file_ref idref="fl-cc"/>
      </object_component>
      <object_component id="oc-32d">
         <name>.debug_info</name>
         <load_address>0x72ff</load_address>
         <run_address>0x72ff</run_address>
         <size>0x13d</size>
         <input_file_ref idref="fl-cd"/>
      </object_component>
      <object_component id="oc-249">
         <name>.debug_info</name>
         <load_address>0x743c</load_address>
         <run_address>0x743c</run_address>
         <size>0x13d</size>
         <input_file_ref idref="fl-ce"/>
      </object_component>
      <object_component id="oc-218">
         <name>.debug_info</name>
         <load_address>0x7579</load_address>
         <run_address>0x7579</run_address>
         <size>0x141</size>
         <input_file_ref idref="fl-cf"/>
      </object_component>
      <object_component id="oc-20c">
         <name>.debug_info</name>
         <load_address>0x76ba</load_address>
         <run_address>0x76ba</run_address>
         <size>0x12f</size>
         <input_file_ref idref="fl-d0"/>
      </object_component>
      <object_component id="oc-335">
         <name>.debug_info</name>
         <load_address>0x77e9</load_address>
         <run_address>0x77e9</run_address>
         <size>0x12f</size>
         <input_file_ref idref="fl-d1"/>
      </object_component>
      <object_component id="oc-a0">
         <name>.debug_info</name>
         <load_address>0x7918</load_address>
         <run_address>0x7918</run_address>
         <size>0x31e</size>
         <input_file_ref idref="fl-d2"/>
      </object_component>
      <object_component id="oc-58">
         <name>.debug_info</name>
         <load_address>0x7c36</load_address>
         <run_address>0x7c36</run_address>
         <size>0x1bf</size>
         <input_file_ref idref="fl-d2"/>
      </object_component>
      <object_component id="oc-9b">
         <name>.debug_info</name>
         <load_address>0x7df5</load_address>
         <run_address>0x7df5</run_address>
         <size>0x46</size>
         <input_file_ref idref="fl-d2"/>
      </object_component>
      <object_component id="oc-d1">
         <name>.debug_info</name>
         <load_address>0x7e3b</load_address>
         <run_address>0x7e3b</run_address>
         <size>0x2c</size>
         <input_file_ref idref="fl-d2"/>
      </object_component>
      <object_component id="oc-55">
         <name>.debug_info</name>
         <load_address>0x7e67</load_address>
         <run_address>0x7e67</run_address>
         <size>0x2a8</size>
         <input_file_ref idref="fl-d3"/>
      </object_component>
      <object_component id="oc-19">
         <name>.debug_info</name>
         <load_address>0x810f</load_address>
         <run_address>0x810f</run_address>
         <size>0x1ea</size>
         <input_file_ref idref="fl-d3"/>
      </object_component>
      <object_component id="oc-50">
         <name>.debug_info</name>
         <load_address>0x82f9</load_address>
         <run_address>0x82f9</run_address>
         <size>0x46</size>
         <input_file_ref idref="fl-d3"/>
      </object_component>
      <object_component id="oc-93">
         <name>.debug_info</name>
         <load_address>0x833f</load_address>
         <run_address>0x833f</run_address>
         <size>0x2c</size>
         <input_file_ref idref="fl-d3"/>
      </object_component>
      <object_component id="oc-91">
         <name>.debug_info</name>
         <load_address>0x836b</load_address>
         <run_address>0x836b</run_address>
         <size>0x29e</size>
         <input_file_ref idref="fl-d4"/>
      </object_component>
      <object_component id="oc-13">
         <name>.debug_info</name>
         <load_address>0x8609</load_address>
         <run_address>0x8609</run_address>
         <size>0x250</size>
         <input_file_ref idref="fl-d4"/>
      </object_component>
      <object_component id="oc-40">
         <name>.debug_info</name>
         <load_address>0x8859</load_address>
         <run_address>0x8859</run_address>
         <size>0x60</size>
         <input_file_ref idref="fl-d4"/>
      </object_component>
      <object_component id="oc-ca">
         <name>.debug_info</name>
         <load_address>0x88b9</load_address>
         <run_address>0x88b9</run_address>
         <size>0x46</size>
         <input_file_ref idref="fl-d4"/>
      </object_component>
      <object_component id="oc-8c">
         <name>.debug_info</name>
         <load_address>0x88ff</load_address>
         <run_address>0x88ff</run_address>
         <size>0x39</size>
         <input_file_ref idref="fl-d4"/>
      </object_component>
      <object_component id="oc-3c2">
         <name>.debug_info</name>
         <load_address>0x8938</load_address>
         <run_address>0x8938</run_address>
         <size>0x289</size>
         <input_file_ref idref="fl-d5"/>
      </object_component>
      <object_component id="oc-3bf">
         <name>.debug_info</name>
         <load_address>0x8bc1</load_address>
         <run_address>0x8bc1</run_address>
         <size>0x10e</size>
         <input_file_ref idref="fl-d5"/>
      </object_component>
      <object_component id="oc-308">
         <name>.debug_info</name>
         <load_address>0x8ccf</load_address>
         <run_address>0x8ccf</run_address>
         <size>0x14e</size>
         <input_file_ref idref="fl-d5"/>
      </object_component>
      <object_component id="oc-22">
         <name>.debug_info</name>
         <load_address>0x8e1d</load_address>
         <run_address>0x8e1d</run_address>
         <size>0x10b</size>
         <input_file_ref idref="fl-d6"/>
      </object_component>
      <object_component id="oc-6a">
         <name>.debug_info</name>
         <load_address>0x8f28</load_address>
         <run_address>0x8f28</run_address>
         <size>0x1af</size>
         <input_file_ref idref="fl-d6"/>
      </object_component>
      <object_component id="oc-116">
         <name>.debug_info</name>
         <load_address>0x90d7</load_address>
         <run_address>0x90d7</run_address>
         <size>0x122</size>
         <input_file_ref idref="fl-d7"/>
      </object_component>
      <object_component id="oc-3d9">
         <name>.debug_info</name>
         <load_address>0x91f9</load_address>
         <run_address>0x91f9</run_address>
         <size>0x161</size>
         <input_file_ref idref="fl-da"/>
      </object_component>
      <object_component id="oc-4b">
         <name>.debug_info</name>
         <load_address>0x935a</load_address>
         <run_address>0x935a</run_address>
         <size>0x11c</size>
         <input_file_ref idref="fl-dc"/>
      </object_component>
      <object_component id="oc-28e">
         <name>.debug_info</name>
         <load_address>0x9476</load_address>
         <run_address>0x9476</run_address>
         <size>0x552</size>
         <input_file_ref idref="fl-de"/>
      </object_component>
      <object_component id="oc-123">
         <name>.debug_info</name>
         <load_address>0x99c8</load_address>
         <run_address>0x99c8</run_address>
         <size>0x1a6</size>
         <input_file_ref idref="fl-de"/>
      </object_component>
      <object_component id="oc-365">
         <name>.debug_info</name>
         <load_address>0x9b6e</load_address>
         <run_address>0x9b6e</run_address>
         <size>0x39</size>
         <input_file_ref idref="fl-de"/>
      </object_component>
      <object_component id="oc-3e8">
         <name>.debug_info</name>
         <load_address>0x9ba7</load_address>
         <run_address>0x9ba7</run_address>
         <size>0x39</size>
         <input_file_ref idref="fl-de"/>
      </object_component>
      <object_component id="oc-36a">
         <name>.debug_info</name>
         <load_address>0x9be0</load_address>
         <run_address>0x9be0</run_address>
         <size>0x39</size>
         <input_file_ref idref="fl-de"/>
      </object_component>
      <object_component id="oc-36f">
         <name>.debug_info</name>
         <load_address>0x9c19</load_address>
         <run_address>0x9c19</run_address>
         <size>0xcd</size>
         <input_file_ref idref="fl-de"/>
      </object_component>
      <object_component id="oc-a8">
         <name>.debug_info</name>
         <load_address>0x9ce6</load_address>
         <run_address>0x9ce6</run_address>
         <size>0x153</size>
         <input_file_ref idref="fl-df"/>
      </object_component>
      <object_component id="oc-2b0">
         <name>.debug_info</name>
         <load_address>0x9e39</load_address>
         <run_address>0x9e39</run_address>
         <size>0x24d</size>
         <input_file_ref idref="fl-e1"/>
      </object_component>
      <object_component id="oc-17d">
         <name>.debug_info</name>
         <load_address>0xa086</load_address>
         <run_address>0xa086</run_address>
         <size>0x333</size>
         <input_file_ref idref="fl-e1"/>
      </object_component>
      <object_component id="oc-183">
         <name>.debug_info</name>
         <load_address>0xa3b9</load_address>
         <run_address>0xa3b9</run_address>
         <size>0x2a0</size>
         <input_file_ref idref="fl-e1"/>
      </object_component>
      <object_component id="oc-3aa">
         <name>.debug_info</name>
         <load_address>0xa659</load_address>
         <run_address>0xa659</run_address>
         <size>0x2ff</size>
         <input_file_ref idref="fl-e1"/>
      </object_component>
      <object_component id="oc-177">
         <name>.debug_info</name>
         <load_address>0xa958</load_address>
         <run_address>0xa958</run_address>
         <size>0x326</size>
         <input_file_ref idref="fl-e1"/>
      </object_component>
      <object_component id="oc-39e">
         <name>.debug_info</name>
         <load_address>0xac7e</load_address>
         <run_address>0xac7e</run_address>
         <size>0x2a4</size>
         <input_file_ref idref="fl-e1"/>
      </object_component>
      <object_component id="oc-3a4">
         <name>.debug_info</name>
         <load_address>0xaf22</load_address>
         <run_address>0xaf22</run_address>
         <size>0x2e7</size>
         <input_file_ref idref="fl-e1"/>
      </object_component>
      <object_component id="oc-189">
         <name>.debug_info</name>
         <load_address>0xb209</load_address>
         <run_address>0xb209</run_address>
         <size>0x294</size>
         <input_file_ref idref="fl-e1"/>
      </object_component>
      <object_component id="oc-205">
         <name>.debug_info</name>
         <load_address>0xb49d</load_address>
         <run_address>0xb49d</run_address>
         <size>0x18b</size>
         <input_file_ref idref="fl-e1"/>
      </object_component>
      <object_component id="oc-20a">
         <name>.debug_info</name>
         <load_address>0xb628</load_address>
         <run_address>0xb628</run_address>
         <size>0x240</size>
         <input_file_ref idref="fl-e2"/>
      </object_component>
      <object_component id="oc-381">
         <name>.debug_info</name>
         <load_address>0xb868</load_address>
         <run_address>0xb868</run_address>
         <size>0x167</size>
         <input_file_ref idref="fl-e2"/>
      </object_component>
      <object_component id="oc-384">
         <name>.debug_info</name>
         <load_address>0xb9cf</load_address>
         <run_address>0xb9cf</run_address>
         <size>0x169</size>
         <input_file_ref idref="fl-e2"/>
      </object_component>
      <object_component id="oc-2cf">
         <name>.debug_info</name>
         <load_address>0xbb38</load_address>
         <run_address>0xbb38</run_address>
         <size>0x15b</size>
         <input_file_ref idref="fl-e2"/>
      </object_component>
      <object_component id="oc-e1">
         <name>.debug_info</name>
         <load_address>0xbc93</load_address>
         <run_address>0xbc93</run_address>
         <size>0x2a3</size>
         <input_file_ref idref="fl-e2"/>
      </object_component>
      <object_component id="oc-2a7">
         <name>.debug_info</name>
         <load_address>0xbf36</load_address>
         <run_address>0xbf36</run_address>
         <size>0x2b3</size>
         <input_file_ref idref="fl-e2"/>
      </object_component>
      <object_component id="oc-18c">
         <name>.debug_info</name>
         <load_address>0xc1e9</load_address>
         <run_address>0xc1e9</run_address>
         <size>0x316</size>
         <input_file_ref idref="fl-e2"/>
      </object_component>
      <object_component id="oc-1da">
         <name>.debug_info</name>
         <load_address>0xc4ff</load_address>
         <run_address>0xc4ff</run_address>
         <size>0x279</size>
         <input_file_ref idref="fl-e2"/>
      </object_component>
      <object_component id="oc-1bd">
         <name>.debug_info</name>
         <load_address>0xc778</load_address>
         <run_address>0xc778</run_address>
         <size>0x27f</size>
         <input_file_ref idref="fl-e2"/>
      </object_component>
      <object_component id="oc-1c3">
         <name>.debug_info</name>
         <load_address>0xc9f7</load_address>
         <run_address>0xc9f7</run_address>
         <size>0x279</size>
         <input_file_ref idref="fl-e2"/>
      </object_component>
      <object_component id="oc-162">
         <name>.debug_info</name>
         <load_address>0xcc70</load_address>
         <run_address>0xcc70</run_address>
         <size>0x2b7</size>
         <input_file_ref idref="fl-e2"/>
      </object_component>
      <object_component id="oc-168">
         <name>.debug_info</name>
         <load_address>0xcf27</load_address>
         <run_address>0xcf27</run_address>
         <size>0x285</size>
         <input_file_ref idref="fl-e2"/>
      </object_component>
      <object_component id="oc-16e">
         <name>.debug_info</name>
         <load_address>0xd1ac</load_address>
         <run_address>0xd1ac</run_address>
         <size>0x279</size>
         <input_file_ref idref="fl-e2"/>
      </object_component>
      <object_component id="oc-1b6">
         <name>.debug_info</name>
         <load_address>0xd425</load_address>
         <run_address>0xd425</run_address>
         <size>0x280</size>
         <input_file_ref idref="fl-e2"/>
      </object_component>
      <object_component id="oc-2b9">
         <name>.debug_info</name>
         <load_address>0xd6a5</load_address>
         <run_address>0xd6a5</run_address>
         <size>0x298</size>
         <input_file_ref idref="fl-e2"/>
      </object_component>
      <object_component id="oc-1a4">
         <name>.debug_info</name>
         <load_address>0xd93d</load_address>
         <run_address>0xd93d</run_address>
         <size>0x2bb</size>
         <input_file_ref idref="fl-e2"/>
      </object_component>
      <object_component id="oc-2e9">
         <name>.debug_info</name>
         <load_address>0xdbf8</load_address>
         <run_address>0xdbf8</run_address>
         <size>0x27f</size>
         <input_file_ref idref="fl-e2"/>
      </object_component>
      <object_component id="oc-19e">
         <name>.debug_info</name>
         <load_address>0xde77</load_address>
         <run_address>0xde77</run_address>
         <size>0x2cf</size>
         <input_file_ref idref="fl-e2"/>
      </object_component>
      <object_component id="oc-1aa">
         <name>.debug_info</name>
         <load_address>0xe146</load_address>
         <run_address>0xe146</run_address>
         <size>0x28f</size>
         <input_file_ref idref="fl-e2"/>
      </object_component>
      <object_component id="oc-192">
         <name>.debug_info</name>
         <load_address>0xe3d5</load_address>
         <run_address>0xe3d5</run_address>
         <size>0x291</size>
         <input_file_ref idref="fl-e2"/>
      </object_component>
      <object_component id="oc-198">
         <name>.debug_info</name>
         <load_address>0xe666</load_address>
         <run_address>0xe666</run_address>
         <size>0x28d</size>
         <input_file_ref idref="fl-e2"/>
      </object_component>
      <object_component id="oc-2df">
         <name>.debug_info</name>
         <load_address>0xe8f3</load_address>
         <run_address>0xe8f3</run_address>
         <size>0x231</size>
         <input_file_ref idref="fl-e3"/>
      </object_component>
      <object_component id="oc-25a">
         <name>.debug_info</name>
         <load_address>0xeb24</load_address>
         <run_address>0xeb24</run_address>
         <size>0x2ce</size>
         <input_file_ref idref="fl-e3"/>
      </object_component>
      <object_component id="oc-2d9">
         <name>.debug_info</name>
         <load_address>0xedf2</load_address>
         <run_address>0xedf2</run_address>
         <size>0x24e</size>
         <input_file_ref idref="fl-e3"/>
      </object_component>
      <object_component id="oc-1ce">
         <name>.debug_info</name>
         <load_address>0xf040</load_address>
         <run_address>0xf040</run_address>
         <size>0x2d5</size>
         <input_file_ref idref="fl-e3"/>
      </object_component>
      <object_component id="oc-260">
         <name>.debug_info</name>
         <load_address>0xf315</load_address>
         <run_address>0xf315</run_address>
         <size>0x27e</size>
         <input_file_ref idref="fl-e3"/>
      </object_component>
      <object_component id="oc-272">
         <name>.debug_info</name>
         <load_address>0xf593</load_address>
         <run_address>0xf593</run_address>
         <size>0x254</size>
         <input_file_ref idref="fl-e3"/>
      </object_component>
      <object_component id="oc-266">
         <name>.debug_info</name>
         <load_address>0xf7e7</load_address>
         <run_address>0xf7e7</run_address>
         <size>0x27e</size>
         <input_file_ref idref="fl-e3"/>
      </object_component>
      <object_component id="oc-26c">
         <name>.debug_info</name>
         <load_address>0xfa65</load_address>
         <run_address>0xfa65</run_address>
         <size>0x24e</size>
         <input_file_ref idref="fl-e3"/>
      </object_component>
      <object_component id="oc-38b">
         <name>.debug_info</name>
         <load_address>0xfcb3</load_address>
         <run_address>0xfcb3</run_address>
         <size>0x20e</size>
         <input_file_ref idref="fl-e4"/>
      </object_component>
      <object_component id="oc-38d">
         <name>.debug_info</name>
         <load_address>0xfec1</load_address>
         <run_address>0xfec1</run_address>
         <size>0x210</size>
         <input_file_ref idref="fl-e4"/>
      </object_component>
      <object_component id="oc-388">
         <name>.debug_info</name>
         <load_address>0x100d1</load_address>
         <run_address>0x100d1</run_address>
         <size>0x157</size>
         <input_file_ref idref="fl-e4"/>
      </object_component>
      <object_component id="oc-2c1">
         <name>.debug_info</name>
         <load_address>0x10228</load_address>
         <run_address>0x10228</run_address>
         <size>0x2c1</size>
         <input_file_ref idref="fl-e4"/>
      </object_component>
      <object_component id="oc-2c6">
         <name>.debug_info</name>
         <load_address>0x104e9</load_address>
         <run_address>0x104e9</run_address>
         <size>0x268</size>
         <input_file_ref idref="fl-e4"/>
      </object_component>
      <object_component id="oc-2e3">
         <name>.debug_info</name>
         <load_address>0x10751</load_address>
         <run_address>0x10751</run_address>
         <size>0x1ed</size>
         <input_file_ref idref="fl-e5"/>
      </object_component>
      <object_component id="oc-1ec">
         <name>.debug_info</name>
         <load_address>0x1093e</load_address>
         <run_address>0x1093e</run_address>
         <size>0x2f6</size>
         <input_file_ref idref="fl-e5"/>
      </object_component>
      <object_component id="oc-1f8">
         <name>.debug_info</name>
         <load_address>0x10c34</load_address>
         <run_address>0x10c34</run_address>
         <size>0x2c4</size>
         <input_file_ref idref="fl-e5"/>
      </object_component>
      <object_component id="oc-1e6">
         <name>.debug_info</name>
         <load_address>0x10ef8</load_address>
         <run_address>0x10ef8</run_address>
         <size>0x2b6</size>
         <input_file_ref idref="fl-e5"/>
      </object_component>
      <object_component id="oc-1f2">
         <name>.debug_info</name>
         <load_address>0x111ae</load_address>
         <run_address>0x111ae</run_address>
         <size>0x276</size>
         <input_file_ref idref="fl-e5"/>
      </object_component>
      <object_component id="oc-1e0">
         <name>.debug_info</name>
         <load_address>0x11424</load_address>
         <run_address>0x11424</run_address>
         <size>0x2b3</size>
         <input_file_ref idref="fl-e5"/>
      </object_component>
      <object_component id="oc-2a4">
         <name>.debug_info</name>
         <load_address>0x116d7</load_address>
         <run_address>0x116d7</run_address>
         <size>0x298</size>
         <input_file_ref idref="fl-e6"/>
      </object_component>
      <object_component id="oc-2d5">
         <name>.debug_info</name>
         <load_address>0x1196f</load_address>
         <run_address>0x1196f</run_address>
         <size>0x14d</size>
         <input_file_ref idref="fl-e6"/>
      </object_component>
      <object_component id="oc-1b1">
         <name>.debug_info</name>
         <load_address>0x11abc</load_address>
         <run_address>0x11abc</run_address>
         <size>0x295</size>
         <input_file_ref idref="fl-e6"/>
      </object_component>
      <object_component id="oc-15d">
         <name>.debug_info</name>
         <load_address>0x11d51</load_address>
         <run_address>0x11d51</run_address>
         <size>0x27d</size>
         <input_file_ref idref="fl-e6"/>
      </object_component>
      <object_component id="oc-1d5">
         <name>.debug_info</name>
         <load_address>0x11fce</load_address>
         <run_address>0x11fce</run_address>
         <size>0x263</size>
         <input_file_ref idref="fl-e6"/>
      </object_component>
      <object_component id="oc-158">
         <name>.debug_info</name>
         <load_address>0x12231</load_address>
         <run_address>0x12231</run_address>
         <size>0x2db</size>
         <input_file_ref idref="fl-e6"/>
      </object_component>
      <object_component id="oc-1ca">
         <name>.debug_info</name>
         <load_address>0x1250c</load_address>
         <run_address>0x1250c</run_address>
         <size>0x2b5</size>
         <input_file_ref idref="fl-e6"/>
      </object_component>
      <object_component id="oc-378">
         <name>.debug_info</name>
         <load_address>0x127c1</load_address>
         <run_address>0x127c1</run_address>
         <size>0x5f</size>
         <input_file_ref idref="fl-e6"/>
      </object_component>
      <object_component id="oc-443">
         <name>.debug_info</name>
         <load_address>0x12820</load_address>
         <run_address>0x12820</run_address>
         <size>0x98</size>
      </object_component>
      <object_component id="oc-154">
         <name>.debug_line</name>
         <load_address>0x0</load_address>
         <run_address>0x0</run_address>
         <size>0x9e</size>
         <input_file_ref idref="fl-2"/>
      </object_component>
      <object_component id="oc-3bd">
         <name>.debug_line</name>
         <load_address>0x9e</load_address>
         <run_address>0x9e</run_address>
         <size>0x30</size>
         <input_file_ref idref="fl-2"/>
      </object_component>
      <object_component id="oc-27a">
         <name>.debug_line</name>
         <load_address>0xce</load_address>
         <run_address>0xce</run_address>
         <size>0x30</size>
         <input_file_ref idref="fl-2"/>
      </object_component>
      <object_component id="oc-27c">
         <name>.debug_line</name>
         <load_address>0xfe</load_address>
         <run_address>0xfe</run_address>
         <size>0x30</size>
         <input_file_ref idref="fl-2"/>
      </object_component>
      <object_component id="oc-27e">
         <name>.debug_line</name>
         <load_address>0x12e</load_address>
[...]
               <size>0x7b74</size>
            </available_space>
         </usage_details>
      </memory_area>
   </placement_map>
   <cptbl_list>
      <cptbl>
         <name>__TI_cinit_table</name>
         <cprec>
            <name>.data</name>
            <load_address>0x34ac</load_address>
            <load_size>0x8</load_size>
            <run_address>0x20000470</run_address>
            <run_size>0x1c</run_size>
            <compression>lzss</compression>
         </cprec>
         <cprec>
            <name>.vtable</name>
            <load_address>0x34b8</load_address>
            <load_size>0x8</load_size>
            <run_address>0x20000000</run_address>
            <run_size>0x26c</run_size>
            <compression>zero_init</compression>
         </cprec>
      </cptbl>
   </cptbl_list>
   <handler_table>
      <handler_table_name>__TI_handler_table</handler_table_name>
      <handler>
         <index>0x0</index>
         <name>__TI_zero_init</name>
      </handler>
      <handler>
         <index>0x1</index>
         <name>__TI_decompress_lzss</name>
      </handler>
      <handler>
         <index>0x2</index>
         <name>__TI_decompress_none</name>
      </handler>
   </handler_table>
   <symbol_table>
      <symbol id="sm-1">
         <name>__STACK_TOP</name>
         <value>0x20000470</value>
      </symbol>
      <symbol id="sm-2">
         <name>__TI_CINIT_Base</name>
         <value>0x34c0</value>
      </symbol>
      <symbol id="sm-3">
         <name>__TI_CINIT_Limit</name>
         <value>0x34d0</value>
      </symbol>
      <symbol id="sm-4">
         <name>__TI_Handler_Table_Base</name>
         <value>0x34a0</value>
      </symbol>
      <symbol id="sm-5">
         <name>__TI_Handler_Table_Limit</name>
         <value>0x34ac</value>
      </symbol>
      <symbol id="sm-6">
         <name>binit</name>
         <value>0xffffffff</value>
      </symbol>
      <symbol id="sm-7">
         <name>__binit__</name>
         <value>0xffffffff</value>
      </symbol>
      <symbol id="sm-8">
         <name>__STACK_SIZE</name>
         <value>0x200</value>
      </symbol>
      <symbol id="sm-9">
         <name>__STACK_END</name>
         <value>0x20000470</value>
      </symbol>
      <symbol id="sm-a">
         <name>__c_args__</name>
         <value>0xffffffff</value>
      </symbol>
      <symbol id="sm-b">
         <name>__TI_pprof_out_hndl</name>
         <value>0xffffffff</value>
      </symbol>
      <symbol id="sm-c">
         <name>__TI_prof_data_start</name>
         <value>0xffffffff</value>
      </symbol>
      <symbol id="sm-d">
         <name>__TI_prof_data_size</name>
         <value>0xffffffff</value>
      </symbol>
      <symbol id="sm-bf">
         <name>LButtonUp</name>
         <value>0x2c79</value>
         <object_component_ref idref="oc-2fa"/>
      </symbol>
      <symbol id="sm-c0">
         <name>curr_RWZ_speed</name>
         <value>0x20000484</value>
         <object_component_ref idref="oc-300"/>
      </symbol>
      <symbol id="sm-c1">
         <name>LButtonDown</name>
         <value>0x227d</value>
         <object_component_ref idref="oc-1fd"/>
      </symbol>
      <symbol id="sm-c2">
         <name>detumble</name>
         <value>0x2345</value>
         <object_component_ref idref="oc-2f4"/>
      </symbol>
      <symbol id="sm-c3">
         <name>main</name>
         <value>0xf19</value>
         <object_component_ref idref="oc-ad"/>
      </symbol>
      <symbol id="sm-c4">
         <name>curr_X_rotation</name>
         <value>0x20000470</value>
         <object_component_ref idref="oc-300"/>
      </symbol>
      <symbol id="sm-c5">
         <name>curr_Z_rotation</name>
         <value>0x20000478</value>
         <object_component_ref idref="oc-300"/>
      </symbol>
      <symbol id="sm-c6">
         <name>curr_RWX_speed</name>
         <value>0x2000047c</value>
         <object_component_ref idref="oc-300"/>
      </symbol>
      <symbol id="sm-c7">
         <name>curr_Y_rotation</name>
         <value>0x20000474</value>
         <object_component_ref idref="oc-300"/>
      </symbol>
      <symbol id="sm-c8">
         <name>curr_RWY_speed</name>
         <value>0x20000480</value>
         <object_component_ref idref="oc-300"/>
      </symbol>
      <symbol id="sm-d8">
         <name>pollADC</name>
         <value>0x2ce1</value>
         <object_component_ref idref="oc-2ee"/>
      </symbol>
      <symbol id="sm-e6">
         <name>I2CReceive</name>
         <value>0x2909</value>
         <object_component_ref idref="oc-f9"/>
      </symbol>
      <symbol id="sm-106">
         <name>InitializeMicro</name>
         <value>0x1721</value>
         <object_component_ref idref="oc-da"/>
      </symbol>
      <symbol id="sm-12c">
         <name>spinRWY</name>
         <value>0x2f65</value>
         <object_component_ref idref="oc-3b4"/>
      </symbol>
      <symbol id="sm-12d">
         <name>spinRWX</name>
         <value>0x2f5b</value>
         <object_component_ref idref="oc-3ae"/>
      </symbol>
      <symbol id="sm-12e">
         <name>spinRWZ</name>
         <value>0x2965</value>
         <object_component_ref idref="oc-ff"/>
      </symbol>
      <symbol id="sm-1a9">
         <name>matrixMultiply</name>
         <value>0x21ad</value>
         <object_component_ref idref="oc-21d"/>
      </symbol>
      <symbol id="sm-1aa">
         <name>getUnitVec</name>
         <value>0x24a5</value>
         <object_component_ref idref="oc-e7"/>
      </symbol>
      <symbol id="sm-1ab">
         <name>getThetas</name>
         <value>0x1c75</value>
         <object_component_ref idref="oc-f3"/>
      </symbol>
      <symbol id="sm-1ac">
         <name>matrixAdd</name>
         <value>0x2539</value>
         <object_component_ref idref="oc-223"/>
      </symbol>
      <symbol id="sm-1ad">
         <name>matrixMultiplyScalar</name>
         <value>0x274f</value>
         <object_component_ref idref="oc-229"/>
      </symbol>
      <symbol id="sm-1ae">
         <name>getRotationMatrix</name>
         <value>0x13ad</value>
         <object_component_ref idref="oc-ed"/>
      </symbol>
      <symbol id="sm-1df">
         <name>ResetISR</name>
         <value>0x2f95</value>
         <object_component_ref idref="oc-24"/>
      </symbol>
      <symbol id="sm-1e0">
         <name>g_pfnVectors</name>
         <value>0x0</value>
         <object_component_ref idref="oc-f"/>
      </symbol>
      <symbol id="sm-223">
         <name>atan2</name>
         <value>0x11d5</value>
         <object_component_ref idref="oc-242"/>
      </symbol>
      <symbol id="sm-224">
         <name>atan2l</name>
         <value>0x11d5</value>
         <object_component_ref idref="oc-242"/>
      </symbol>
      <symbol id="sm-2b1">
         <name>pow</name>
         <value>0x26d</value>
         <object_component_ref idref="oc-24d"/>
      </symbol>
      <symbol id="sm-2b2">
         <name>powl</name>
         <value>0x26d</value>
         <object_component_ref idref="oc-24d"/>
      </symbol>
      <symbol id="sm-2d4">
         <name>sqrtl</name>
         <value>0x18b5</value>
         <object_component_ref idref="oc-210"/>
      </symbol>
      <symbol id="sm-2d5">
         <name>sqrt</name>
         <value>0x18b5</value>
         <object_component_ref idref="oc-210"/>
      </symbol>
      <symbol id="sm-30b">
         <name>atanl</name>
         <value>0xc2d</value>
         <object_component_ref idref="oc-326"/>
      </symbol>
      <symbol id="sm-30c">
         <name>atan</name>
         <value>0xc2d</value>
         <object_component_ref idref="oc-326"/>
      </symbol>
      <symbol id="sm-333">
         <name>scalbn</name>
         <value>0x1ead</value>
         <object_component_ref idref="oc-346"/>
      </symbol>
      <symbol id="sm-334">
         <name>scalbnl</name>
         <value>0x1ead</value>
         <object_component_ref idref="oc-346"/>
      </symbol>
      <symbol id="sm-335">
         <name>ldexpl</name>
         <value>0x1ead</value>
         <object_component_ref idref="oc-346"/>
      </symbol>
      <symbol id="sm-336">
         <name>ldexp</name>
         <value>0x1ead</value>
         <object_component_ref idref="oc-346"/>
      </symbol>
      <symbol id="sm-34e">
         <name>__aeabi_dsub</name>
         <value>0x1569</value>
         <object_component_ref idref="oc-253"/>
      </symbol>
      <symbol id="sm-34f">
         <name>__aeabi_dadd</name>
         <value>0x1573</value>
         <object_component_ref idref="oc-253"/>
      </symbol>
      <symbol id="sm-371">
         <name>__aeabi_cdcmpeq</name>
         <value>0x25c9</value>
         <object_component_ref idref="oc-33c"/>
      </symbol>
      <symbol id="sm-372">
         <name>__aeabi_cdcmple</name>
         <value>0x25c9</value>
         <object_component_ref idref="oc-33c"/>
      </symbol>
      <symbol id="sm-373">
         <name>__aeabi_cdrcmple</name>
         <value>0x264f</value>
         <object_component_ref idref="oc-341"/>
      </symbol>
      <symbol id="sm-387">
         <name>__aeabi_ddiv</name>
         <value>0x1a0d</value>
         <object_component_ref idref="oc-32c"/>
      </symbol>
      <symbol id="sm-392">
         <name>__aeabi_dmul</name>
         <value>0x1fbd</value>
         <object_component_ref idref="oc-248"/>
      </symbol>
      <symbol id="sm-39e">
         <name>__aeabi_d2f</name>
         <value>0x27c9</value>
         <object_component_ref idref="oc-216"/>
      </symbol>
      <symbol id="sm-3a9">
         <name>__aeabi_f2d</name>
         <value>0x2c0d</value>
         <object_component_ref idref="oc-20b"/>
      </symbol>
      <symbol id="sm-3b3">
         <name>__aeabi_i2d</name>
         <value>0x2d43</value>
         <object_component_ref idref="oc-334"/>
      </symbol>
      <symbol id="sm-3cc">
         <name>__TI_zero_init_nomemset</name>
         <value>0x2ed5</value>
         <object_component_ref idref="oc-56"/>
      </symbol>
      <symbol id="sm-3e3">
         <name>__TI_decompress_none</name>
         <value>0x2f21</value>
         <object_component_ref idref="oc-18"/>
      </symbol>
      <symbol id="sm-406">
         <name>__TI_decompress_lzss</name>
         <value>0x28a1</value>
         <object_component_ref idref="oc-12"/>
      </symbol>
      <symbol id="sm-41c">
         <name>__aeabi_errno_addr</name>
         <value>0x2f81</value>
         <object_component_ref idref="oc-307"/>
      </symbol>
      <symbol id="sm-41d">
         <name>errno</name>
         <value>0x20000488</value>
         <object_component_ref idref="oc-3be"/>
      </symbol>
      <symbol id="sm-430">
         <name>__stack</name>
         <value>0x20000270</value>
         <object_component_ref idref="oc-21"/>
      </symbol>
      <symbol id="sm-431">
         <name>_c_int00_noargs</name>
         <value>0x2bd5</value>
         <object_component_ref idref="oc-68"/>
      </symbol>
      <symbol id="sm-43c">
         <name>C$$EXIT</name>
         <value>0x2fb1</value>
         <object_component_ref idref="oc-115"/>
      </symbol>
      <symbol id="sm-43d">
         <name>abort</name>
         <value>0x2fb1</value>
         <object_component_ref idref="oc-115"/>
      </symbol>
      <symbol id="sm-449">
         <name>copysign</name>
         <value>0x2e55</value>
         <object_component_ref idref="oc-3d6"/>
      </symbol>
      <symbol id="sm-44a">
         <name>copysignl</name>
         <value>0x2e55</value>
         <object_component_ref idref="oc-3d6"/>
      </symbol>
      <symbol id="sm-466">
         <name>memcpy</name>
         <value>0x2409</value>
         <object_component_ref idref="oc-4a"/>
      </symbol>
      <symbol id="sm-467">
         <name>__aeabi_memcpy</name>
         <value>0x2409</value>
         <object_component_ref idref="oc-4a"/>
      </symbol>
      <symbol id="sm-468">
         <name>__aeabi_memcpy8</name>
         <value>0x2409</value>
         <object_component_ref idref="oc-4a"/>
      </symbol>
      <symbol id="sm-469">
         <name>__aeabi_memcpy4</name>
         <value>0x2409</value>
         <object_component_ref idref="oc-4a"/>
      </symbol>
      <symbol id="sm-492">
         <name>__TI_auto_init_nobinit_nopinit</name>
         <value>0x2b91</value>
         <object_component_ref idref="oc-121"/>
      </symbol>
      <symbol id="sm-49c">
         <name>_system_pre_init</name>
         <value>0x2fad</value>
         <object_component_ref idref="oc-a7"/>
      </symbol>
      <symbol id="sm-4e8">
         <name>ADCProcessorTrigger</name>
         <value>0x2df9</value>
         <object_component_ref idref="oc-39a"/>
      </symbol>
      <symbol id="sm-4e9">
         <name>ADCSequenceEnable</name>
         <value>0x2ef7</value>
         <object_component_ref idref="oc-17f"/>
      </symbol>
      <symbol id="sm-4ea">
         <name>ADCSequenceConfigure</name>
         <value>0x2a17</value>
         <object_component_ref idref="oc-173"/>
      </symbol>
      <symbol id="sm-4eb">
         <name>ADCSequenceStepConfigure</name>
         <value>0x26d5</value>
         <object_component_ref idref="oc-179"/>
      </symbol>
      <symbol id="sm-4ec">
         <name>ADCIntClear</name>
         <value>0x2f47</value>
         <object_component_ref idref="oc-185"/>
      </symbol>
      <symbol id="sm-4ed">
         <name>ADCIntStatus</name>
         <value>0x2d15</value>
         <object_component_ref idref="oc-3a0"/>
      </symbol>
      <symbol id="sm-4ee">
         <name>ADCSequenceDataGet</name>
         <value>0x2dbd</value>
         <object_component_ref idref="oc-3a6"/>
      </symbol>
      <symbol id="sm-59f">
         <name>GPIOPinTypePWM</name>
         <value>0x2eb1</value>
         <object_component_ref idref="oc-1d9"/>
      </symbol>
      <symbol id="sm-5a0">
         <name>GPIOIntRegister</name>
         <value>0x2e11</value>
         <object_component_ref idref="oc-19d"/>
      </symbol>
      <symbol id="sm-5a1">
         <name>GPIOPinConfigure</name>
         <value>0x2b05</value>
         <object_component_ref idref="oc-1b5"/>
      </symbol>
      <symbol id="sm-5a2">
         <name>GPIOPinTypeI2CSCL</name>
         <value>0x2e9f</value>
         <object_component_ref idref="oc-1bb"/>
      </symbol>
      <symbol id="sm-5a3">
         <name>GPIOIntDisable</name>
         <value>0x2f05</value>
         <object_component_ref idref="oc-191"/>
      </symbol>
      <symbol id="sm-5a4">
         <name>GPIOIntEnable</name>
         <value>0x2f2f</value>
         <object_component_ref idref="oc-1a9"/>
      </symbol>
      <symbol id="sm-5a5">
         <name>GPIOPinTypeI2C</name>
         <value>0x2e8d</value>
         <object_component_ref idref="oc-1c1"/>
      </symbol>
      <symbol id="sm-5a6">
         <name>GPIOIntTypeSet</name>
         <value>0x29c1</value>
         <object_component_ref idref="oc-1a3"/>
      </symbol>
      <symbol id="sm-5a7">
         <name>GPIOPinTypeADC</name>
         <value>0x2e69</value>
         <object_component_ref idref="oc-16d"/>
      </symbol>
      <symbol id="sm-5a8">
         <name>GPIOPinTypeGPIOInput</name>
         <value>0x2e7b</value>
         <object_component_ref idref="oc-167"/>
      </symbol>
      <symbol id="sm-5a9">
         <name>GPIOIntClear</name>
         <value>0x2f89</value>
         <object_component_ref idref="oc-197"/>
      </symbol>
      <symbol id="sm-5aa">
         <name>GPIOIntStatus</name>
         <value>0x2f13</value>
         <object_component_ref idref="oc-2e8"/>
      </symbol>
      <symbol id="sm-5ab">
         <name>GPIOPinTypeGPIOOutput</name>
         <value>0x2e29</value>
         <object_component_ref idref="oc-161"/>
      </symbol>
      <symbol id="sm-5ac">
         <name>GPIODirModeSet</name>
         <value>0x2d71</value>
         <object_component_ref idref="oc-2a6"/>
      </symbol>
      <symbol id="sm-5ad">
         <name>GPIOPinWrite</name>
         <value>0x2f8f</value>
         <object_component_ref idref="oc-e0"/>
      </symbol>
      <symbol id="sm-5ae">
         <name>GPIOPadConfigSet</name>
         <value>0x1b43</value>
         <object_component_ref idref="oc-18b"/>
      </symbol>
      <symbol id="sm-5ef">
         <name>I2CMasterDataPut</name>
         <value>0x2fa9</value>
         <object_component_ref idref="oc-25f"/>
      </symbol>
      <symbol id="sm-5f0">
         <name>I2CMasterInitExpClk</name>
         <value>0x2ab9</value>
         <object_component_ref idref="oc-1cd"/>
      </symbol>
      <symbol id="sm-5f1">
         <name>I2CMasterSlaveAddrSet</name>
         <value>0x2f77</value>
         <object_component_ref idref="oc-259"/>
      </symbol>
      <symbol id="sm-5f2">
         <name>I2CMasterDataGet</name>
         <value>0x2fa5</value>
         <object_component_ref idref="oc-271"/>
      </symbol>
      <symbol id="sm-5f3">
         <name>I2CMasterControl</name>
         <value>0x2fa1</value>
         <object_component_ref idref="oc-265"/>
      </symbol>
      <symbol id="sm-5f4">
         <name>I2CMasterBusy</name>
         <value>0x2f6f</value>
         <object_component_ref idref="oc-26b"/>
      </symbol>
      <symbol id="sm-5f5">
         <name>I2CMasterEnable</name>
         <value>0x2f51</value>
         <object_component_ref idref="oc-2d8"/>
      </symbol>
      <symbol id="sm-62e">
         <name>IntEnable</name>
         <value>0x2839</value>
         <object_component_ref idref="oc-2c4"/>
      </symbol>
      <symbol id="sm-62f">
         <name>IntRegister</name>
         <value>0x2c45</value>
         <object_component_ref idref="oc-2be"/>
      </symbol>
      <symbol id="sm-630">
         <name>g_pfnRAMVectors</name>
         <value>0x20000000</value>
         <object_component_ref idref="oc-387"/>
      </symbol>
      <symbol id="sm-65d">
         <name>PWMGenPeriodSet</name>
         <value>0x2ee7</value>
         <object_component_ref idref="oc-1e5"/>
      </symbol>
      <symbol id="sm-65e">
         <name>PWMPulseWidthSet</name>
         <value>0x2ddb</value>
         <object_component_ref idref="oc-1eb"/>
      </symbol>
      <symbol id="sm-65f">
         <name>PWMOutputState</name>
         <value>0x2ec3</value>
         <object_component_ref idref="oc-1f7"/>
      </symbol>
      <symbol id="sm-660">
         <name>PWMGenEnable</name>
         <value>0x2f3b</value>
         <object_component_ref idref="oc-1f1"/>
      </symbol>
      <symbol id="sm-661">
         <name>PWMGenConfigure</name>
         <value>0x2d9b</value>
         <object_component_ref idref="oc-1df"/>
      </symbol>
      <symbol id="sm-6c9">
         <name>SysCtlClockSet</name>
         <value>0x20b9</value>
         <object_component_ref idref="oc-155"/>
      </symbol>
      <symbol id="sm-6ca">
         <name>SysCtlDelay</name>
         <value>0x2f9b</value>
         <object_component_ref idref="oc-e6"/>
      </symbol>
      <symbol id="sm-6cb">
         <name>SysCtlPeripheralEnable</name>
         <value>0x2cad</value>
         <object_component_ref idref="oc-15b"/>
      </symbol>
      <symbol id="sm-6cc">
         <name>SysCtlClockGet</name>
         <value>0x1d9d</value>
         <object_component_ref idref="oc-1c7"/>
      </symbol>
      <symbol id="sm-6cd">
         <name>SysCtlPWMClockSet</name>
         <value>0x2e41</value>
         <object_component_ref idref="oc-1d3"/>
      </symbol>
      <symbol id="sm-6ce">
         <name>SysCtlPeripheralReset</name>
         <value>0x2a69</value>
         <object_component_ref idref="oc-1af"/>
      </symbol>
      <symbol id="sm-6d0">
         <name>__TI_static_base__</name>
         <value>0x0</value>
      </symbol>
      <symbol id="sm-6d3">
         <name>__mpu_init</name>
         <value>0x0</value>
      </symbol>
      <symbol id="sm-6d4">
         <name>_system_post_cinit</name>
         <value>0x0</value>
      </symbol>
   </symbol_table>
   <title>Link successful</title>
</link_info>
