******************************************************************************
                  TI ARM Linker PC v18.1.4                     
******************************************************************************
>> Linked Thu Apr 25 10:44:20 2019

OUTPUT FILE NAME:   <CubeSat.out>
ENTRY POINT SYMBOL: "_c_int00_noargs"  address: 00002bd5


MEMORY CONFIGURATION

         name            origin    length      used     unused   attr    fill
----------------------  --------  ---------  --------  --------  ----  --------
  FLASH                 00000000   00040000  000034c8  0003cb38  R  X
  SRAM                  20000000   00008000  00000488  00007b78  RW X


SEGMENT ALLOCATION MAP

run origin  load origin   length   init length attrs members
----------  ----------- ---------- ----------- ----- -------
00000000    00000000    000034d0   000034d0    r-x
  00000000    00000000    0000026c   0000026c    r-- .intvecs
  0000026c    0000026c    00002d48   00002d48    r-x .text
  00002fb8    00002fb8    000004e4   000004e4    r-- .const
  000034a0    000034a0    00000030   00000030    r-- .cinit
20000000    20000000    0000048c   00000000    rw-
  20000000    20000000    0000026c   00000000    rw- .vtable
  20000270    20000270    00000200   00000000    rw- .stack
  20000470    20000470    0000001c   00000000    rw- .data


SECTION ALLOCATION MAP

 output                                  attributes/
section   page    origin      length       input sections
--------  ----  ----------  ----------   ----------------
.intvecs   0    00000000    0000026c     
                  00000000    0000026c     startup_ccs.obj (.intvecs)

.text      0    0000026c    00002d48     
                  0000026c    000009c0     rtsv7M4_T_le_v4SPD16_eabi.lib : e_pow.c.obj (.text:pow)
                  00000c2c    000002ec                                   : s_atan.c.obj (.text:atan)
                  00000f18    000002bc     CubeSat.obj (.text:main)
                  000011d4    000001d8     rtsv7M4_T_le_v4SPD16_eabi.lib : e_atan2.c.obj (.text:atan2)
                  000013ac    000001bc     VectorMath.obj (.text:getRotationMatrix)
                  00001568    000001b6     rtsv7M4_T_le_v4SPD16_eabi.lib : fd_add_t2.asm.obj (.text)
                  0000171e    00000002     startup_ccs.obj (.text:FaultISR)
                  00001720    00000194     Init.obj (.text:InitializeMicro)
                  000018b4    00000158     rtsv7M4_T_le_v4SPD16_eabi.lib : e_sqrt.c.obj (.text:sqrt)
                  00001a0c    00000136                                   : fd_div_t2.asm.obj (.text)
                  00001b42    00000132     driverlib.lib : gpio.obj (.text:GPIOPadConfigSet)
                  00001c74    00000128     VectorMath.obj (.text:getThetas)
                  00001d9c    00000110     driverlib.lib : sysctl.obj (.text:SysCtlClockGet)
                  00001eac    00000110     rtsv7M4_T_le_v4SPD16_eabi.lib : s_scalbn.c.obj (.text:scalbn)
                  00001fbc    000000fc                                   : fd_mul_t2.asm.obj (.text)
                  000020b8    000000f4     driverlib.lib : sysctl.obj (.text:SysCtlClockSet)
                  000021ac    000000d0     VectorMath.obj (.text:matrixMultiply)
                  0000227c    000000c8     CubeSat.obj (.text:LButtonDown)
                  00002344    000000c4     CubeSat.obj (.text:detumble)
                  00002408    0000009c     rtsv7M4_T_le_v4SPD16_eabi.lib : memcpy_t2.asm.obj (.text)
                  000024a4    00000094     VectorMath.obj (.text:getUnitVec)
                  00002538    00000090     VectorMath.obj (.text:matrixAdd)
                  000025c8    00000086     rtsv7M4_T_le_v4SPD16_eabi.lib : fd_cmp_t2.asm.obj (.text:__aeabi_cdcmple)
                  0000264e    00000086                                   : fd_cmp_t2.asm.obj (.text:__aeabi_cdrcmple)
                  000026d4    0000007a     driverlib.lib : adc.obj (.text:ADCSequenceStepConfigure)
                  0000274e    0000007a     VectorMath.obj (.text:matrixMultiplyScalar)
                  000027c8    0000006e     rtsv7M4_T_le_v4SPD16_eabi.lib : fd_tos_t2.asm.obj (.text)
                  00002836    00000002     startup_ccs.obj (.text:IntDefaultHandler)
                  00002838    00000068     driverlib.lib : interrupt.obj (.text:IntEnable)
                  000028a0    00000068     rtsv7M4_T_le_v4SPD16_eabi.lib : copy_decompress_lzss.c.obj (.text:decompress:lzss:__TI_decompress_lzss)
                  00002908    0000005c     CubeSatI2C.obj (.text:I2CReceive)
                  00002964    0000005c     ReactionWheels.obj (.text:spinRWZ)
                  000029c0    00000056     driverlib.lib : gpio.obj (.text:GPIOIntTypeSet)
                  00002a16    00000050                   : adc.obj (.text:ADCSequenceConfigure)
                  00002a66    00000002     startup_ccs.obj (.text:NmiSR)
                  00002a68    00000050     driverlib.lib : sysctl.obj (.text:SysCtlPeripheralReset)
                  00002ab8    0000004c                   : i2c.obj (.text:I2CMasterInitExpClk)
                  00002b04    00000048                   : gpio.obj (.text:GPIOPinConfigure)
                  00002b4c    00000044                   : gpio.obj (.text:_GPIOIntNumberGet)
                  00002b90    00000044     rtsv7M4_T_le_v4SPD16_eabi.lib : autoinit.c.obj (.text:__TI_auto_init_nobinit_nopinit:__TI_auto_init_nobinit_nopinit)
                  00002bd4    00000038                                   : boot_cortex_m.c.obj (.text:_c_int00_noargs:_c_int00_noargs)
                  00002c0c    00000038                                   : fs_tod_t2.asm.obj (.text)
                  00002c44    00000034     driverlib.lib : interrupt.obj (.text:IntRegister)
                  00002c78    00000034     CubeSat.obj (.text:LButtonUp)
                  00002cac    00000034     driverlib.lib : sysctl.obj (.text:SysCtlPeripheralEnable)
                  00002ce0    00000034     CubeSatADC.obj (.text:pollADC)
                  00002d14    0000002e     driverlib.lib : adc.obj (.text:ADCIntStatus)
                  00002d42    0000002e     rtsv7M4_T_le_v4SPD16_eabi.lib : i_tofd_t2.asm.obj (.text)
                  00002d70    0000002a     driverlib.lib : gpio.obj (.text:GPIODirModeSet)
                  00002d9a    00000022                   : pwm.obj (.text:PWMGenConfigure)
                  00002dbc    0000001e                   : adc.obj (.text:ADCSequenceDataGet)
                  00002dda    0000001e                   : pwm.obj (.text:PWMPulseWidthSet)
                  00002df8    00000018                   : adc.obj (.text:ADCProcessorTrigger)
                  00002e10    00000018                   : gpio.obj (.text:GPIOIntRegister)
                  00002e28    00000018                   : gpio.obj (.text:GPIOPinTypeGPIOOutput)
                  00002e40    00000014                   : sysctl.obj (.text:SysCtlPWMClockSet)
                  00002e54    00000014     rtsv7M4_T_le_v4SPD16_eabi.lib : s_copysign.c.obj (.text:copysign)
                  00002e68    00000012     driverlib.lib : gpio.obj (.text:GPIOPinTypeADC)
                  00002e7a    00000012                   : gpio.obj (.text:GPIOPinTypeGPIOInput)
                  00002e8c    00000012                   : gpio.obj (.text:GPIOPinTypeI2C)
                  00002e9e    00000012                   : gpio.obj (.text:GPIOPinTypeI2CSCL)
                  00002eb0    00000012                   : gpio.obj (.text:GPIOPinTypePWM)
                  00002ec2    00000012                   : pwm.obj (.text:PWMOutputState)
                  00002ed4    00000012     rtsv7M4_T_le_v4SPD16_eabi.lib : copy_zero_init.c.obj (.text:decompress:ZI:__TI_zero_init_nomemset:__TI_zero_init_nomemset)
                  00002ee6    00000010     driverlib.lib : pwm.obj (.text:PWMGenPeriodSet)
                  00002ef6    0000000e                   : adc.obj (.text:ADCSequenceEnable)
                  00002f04    0000000e                   : gpio.obj (.text:GPIOIntDisable)
                  00002f12    0000000e                   : gpio.obj (.text:GPIOIntStatus)
                  00002f20    0000000e     rtsv7M4_T_le_v4SPD16_eabi.lib : copy_decompress_none.c.obj (.text:decompress:none:__TI_decompress_none)
                  00002f2e    0000000c     driverlib.lib : gpio.obj (.text:GPIOIntEnable)
                  00002f3a    0000000c                   : pwm.obj (.text:PWMGenEnable)
                  00002f46    0000000a                   : adc.obj (.text:ADCIntClear)
                  00002f50    0000000a                   : i2c.obj (.text:I2CMasterEnable)
                  00002f5a    0000000a     ReactionWheels.obj (.text:spinRWX)
                  00002f64    0000000a     ReactionWheels.obj (.text:spinRWY)
                  00002f6e    00000008     driverlib.lib : i2c.obj (.text:I2CMasterBusy)
                  00002f76    00000008                   : i2c.obj (.text:I2CMasterSlaveAddrSet)
                  00002f7e    00000002     --HOLE-- [fill = 0]
                  00002f80    00000008     rtsv7M4_T_le_v4SPD16_eabi.lib : errno.c.obj (.text:__aeabi_errno_addr)
                  00002f88    00000006     driverlib.lib : gpio.obj (.text:GPIOIntClear)
                  00002f8e    00000006                   : gpio.obj (.text:GPIOPinWrite)
                  00002f94    00000006     startup_ccs.obj (.text:ResetISR)
                  00002f9a    00000006     driverlib.lib : sysctl.obj (.text:SysCtlDelay)
                  00002fa0    00000004                   : i2c.obj (.text:I2CMasterControl)
                  00002fa4    00000004                   : i2c.obj (.text:I2CMasterDataGet)
                  00002fa8    00000004                   : i2c.obj (.text:I2CMasterDataPut)
                  00002fac    00000004     rtsv7M4_T_le_v4SPD16_eabi.lib : pre_init.c.obj (.text:_system_pre_init)
                  00002fb0    00000004                                   : exit.c.obj (.text:abort:abort)

.const     0    00002fb8    000004e4     
                  00002fb8    000000d8     driverlib.lib : gpio.obj (.const:g_ppui32GPIOIntMapSnowflake)
                  00003090    000000c0                   : gpio.obj (.const:g_ppui32GPIOIntMapBlizzard)
                  00003150    00000098     rtsv7M4_T_le_v4SPD16_eabi.lib : s_atan.c.obj (.const:$O1$$)
                  000031e8    00000090     driverlib.lib : gpio.obj (.const:g_pui32GPIOBaseAddrs)
                  00003278    00000070                   : interrupt.obj (.const)
                  000032e8    0000006c                   : sysctl.obj (.const:g_pui32Xtals)
                  00003354    00000004     --HOLE-- [fill = 0]
                  00003358    00000030     rtsv7M4_T_le_v4SPD16_eabi.lib : e_pow.c.obj (.const:$O1$$)
                  00003388    00000024     VectorMath.obj (.const:$P$T1$2)
                  000033ac    00000024     VectorMath.obj (.const:$P$T2$3)
                  000033d0    00000024     VectorMath.obj (.const:$P$T3$4)
                  000033f4    00000024     CubeSat.obj (.const:$P$T4$5)
                  00003418    00000024     VectorMath.obj (.const:$P$T4$5)
                  0000343c    00000024     VectorMath.obj (.const:$P$T5$6)
                  00003460    0000000c     CubeSat.obj (.const:$P$T0$1)
                  0000346c    0000000c     VectorMath.obj (.const:$P$T0$1)
                  00003478    0000000c     CubeSat.obj (.const:$P$T1$2)
                  00003484    0000000c     CubeSat.obj (.const:$P$T2$3)
                  00003490    0000000c     CubeSat.obj (.const:$P$T3$4)

.cinit     0    000034a0    00000030     
                  000034a0    0000000c     (__TI_handler_table)
                  000034ac    00000008     (.cinit..data.load) [load image, compression = lzss]
                  000034b4    00000004     --HOLE-- [fill = 0]
                  000034b8    00000008     (.cinit..vtable.load) [load image, compression = zero_init]
                  000034c0    00000010     (__TI_cinit_table)

.init_array 
*          0    00000000    00000000     UNINITIALIZED

.vtable    0    20000000    0000026c     UNINITIALIZED
                  20000000    0000026c     driverlib.lib : interrupt.obj (.vtable)

.data      0    20000470    0000001c     UNINITIALIZED
                  20000470    00000018     CubeSat.obj (.data)
                  20000488    00000004     rtsv7M4_T_le_v4SPD16_eabi.lib : errno.c.obj (.data)

.stack     0    20000270    00000200     UNINITIALIZED
                  20000270    00000004     rtsv7M4_T_le_v4SPD16_eabi.lib : boot_cortex_m.c.obj (.stack)
                  20000274    000001fc     --HOLE--

MODULE SUMMARY

       Module                       code    ro data   rw data
       ------                       ----    -------   -------
    .\
       VectorMath.obj               1362    192       0      
       CubeSat.obj                  1148    84        24     
       startup_ccs.obj              12      620       0      
       Init.obj                     404     0         0      
       ReactionWheels.obj           112     0         0      
       CubeSatI2C.obj               92      0         0      
       CubeSatADC.obj               52      0         0      
    +--+----------------------------+-------+---------+---------+
       Total:                       3182    896       24     
                                                             
    C:/ti/TivaWare_C_Series-2.1.4.178/driverlib/ccs/Debug/driverlib.lib
       gpio.obj                     764     552       0      
       interrupt.obj                156     112       620    
       sysctl.obj                   674     108       0      
       adc.obj                      326     0         0      
       i2c.obj                      114     0         0      
       pwm.obj                      110     0         0      
    +--+----------------------------+-------+---------+---------+
       Total:                       2144    772       620    
                                                             
    C:\ti\ccsv8\tools\compiler\ti-cgt-arm_18.1.4.LTS\lib\rtsv7M4_T_le_v4SPD16_eabi.lib
       e_pow.c.obj                  2496    48        0      
       s_atan.c.obj                 748     152       0      
       e_atan2.c.obj                472     0         0      
       fd_add_t2.asm.obj            438     0         0      
       e_sqrt.c.obj                 344     0         0      
       fd_div_t2.asm.obj            310     0         0      
       s_scalbn.c.obj               272     0         0      
       fd_cmp_t2.asm.obj            268     0         0      
       fd_mul_t2.asm.obj            252     0         0      
       memcpy_t2.asm.obj            156     0         0      
       fd_tos_t2.asm.obj            110     0         0      
       copy_decompress_lzss.c.obj   104     0         0      
       autoinit.c.obj               68      0         0      
       boot_cortex_m.c.obj          56      0         0      
       fs_tod_t2.asm.obj            56      0         0      
       i_tofd_t2.asm.obj            46      0         0      
       s_copysign.c.obj             20      0         0      
       copy_zero_init.c.obj         18      0         0      
       copy_decompress_none.c.obj   14      0         0      
       errno.c.obj                  8       0         4      
       exit.c.obj                   4       0         0      
       pre_init.c.obj               4       0         0      
    +--+----------------------------+-------+---------+---------+
       Total:                       6264    200       4      
                                                             
       Stack:                       0       0         512    
       Linker Generated:            0       44        0      
    +--+----------------------------+-------+---------+---------+
       Grand Total:                 11590   1912      1160   


LINKER GENERATED COPY TABLES

__TI_cinit_table @ 000034c0 records: 2, size/record: 8, table size: 16
	.data: load addr=000034ac, load size=00000008 bytes, run addr=20000470, run size=0000001c bytes, compression=lzss
	.vtable: load addr=000034b8, load size=00000008 bytes, run addr=20000000, run size=0000026c bytes, compression=zero_init


LINKER GENERATED HANDLER TABLE

__TI_handler_table @ 000034a0 records: 3, size/record: 4, table size: 12
	index: 0, handler: __TI_zero_init
	index: 1, handler: __TI_decompress_lzss
	index: 2, handler: __TI_decompress_none


GLOBAL SYMBOLS: SORTED ALPHABETICALLY BY Name 

address   name                          
-------   ----                          
00002f47  ADCIntClear                   
00002d15  ADCIntStatus                  
00002df9  ADCProcessorTrigger           
00002a17  ADCSequenceConfigure          
00002dbd  ADCSequenceDataGet            
00002ef7  ADCSequenceEnable             
000026d5  ADCSequenceStepConfigure      
00002fb1  C$$EXIT                       
00002d71  GPIODirModeSet                
00002f89  GPIOIntClear                  
00002f05  GPIOIntDisable                
00002f2f  GPIOIntEnable                 
00002e11  GPIOIntRegister               
00002f13  GPIOIntStatus                 
000029c1  GPIOIntTypeSet                
00001b43  GPIOPadConfigSet              
00002b05  GPIOPinConfigure              
00002e69  GPIOPinTypeADC                
00002e7b  GPIOPinTypeGPIOInput          
00002e29  GPIOPinTypeGPIOOutput         
00002e8d  GPIOPinTypeI2C                
00002e9f  GPIOPinTypeI2CSCL             
00002eb1  GPIOPinTypePWM                
00002f8f  GPIOPinWrite                  
00002f6f  I2CMasterBusy                 
00002fa1  I2CMasterControl              
00002fa5  I2CMasterDataGet              
00002fa9  I2CMasterDataPut              
00002f51  I2CMasterEnable               
00002ab9  I2CMasterInitExpClk           
00002f77  I2CMasterSlaveAddrSet         
00002909  I2CReceive                    
00001721  InitializeMicro               
00002839  IntEnable                     
00002c45  IntRegister                   
0000227d  LButtonDown                   
00002c79  LButtonUp                     
00002d9b  PWMGenConfigure               
00002f3b  PWMGenEnable                  
00002ee7  PWMGenPeriodSet               
00002ec3  PWMOutputState                
00002ddb  PWMPulseWidthSet              
00002f95  ResetISR                      
00001d9d  SysCtlClockGet                
000020b9  SysCtlClockSet                
00002f9b  SysCtlDelay                   
00002e41  SysCtlPWMClockSet             
00002cad  SysCtlPeripheralEnable        
00002a69  SysCtlPeripheralReset         
20000470  __STACK_END                   
00000200  __STACK_SIZE                  
20000470  __STACK_TOP                   
000034c0  __TI_CINIT_Base               
000034d0  __TI_CINIT_Limit              
000034a0  __TI_Handler_Table_Base       
000034ac  __TI_Handler_Table_Limit      
00002b91  __TI_auto_init_nobinit_nopinit
000028a1  __TI_decompress_lzss          
00002f21  __TI_decompress_none          
ffffffff  __TI_pprof_out_hndl           
ffffffff  __TI_prof_data_size           
ffffffff  __TI_prof_data_start          
00000000  __TI_static_base__            
00002ed5  __TI_zero_init_nomemset       
000025c9  __aeabi_cdcmpeq               
000025c9  __aeabi_cdcmple               
0000264f  __aeabi_cdrcmple              
000027c9  __aeabi_d2f                   
00001573  __aeabi_dadd                  
00001a0d  __aeabi_ddiv                  
00001fbd  __aeabi_dmul                  
00001569  __aeabi_dsub                  
00002f81  __aeabi_errno_addr            
00002c0d  __aeabi_f2d                   
00002d43  __aeabi_i2d                   
00002409  __aeabi_memcpy                
00002409  __aeabi_memcpy4               
00002409  __aeabi_memcpy8               
ffffffff  __binit__                     
ffffffff  __c_args__                    
UNDEFED   __mpu_init                    
20000270  __stack                       
00002bd5  _c_int00_noargs               
UNDEFED   _system_post_cinit            
00002fad  _system_pre_init              
00002fb1  abort                         
00000c2d  atan                          
000011d5  atan2                         
000011d5  atan2l                        
00000c2d  atanl                         
ffffffff  binit                         
00002e55  copysign                      
00002e55  copysignl                     
2000047c  curr_RWX_speed                
20000480  curr_RWY_speed                
20000484  curr_RWZ_speed                
20000470  curr_X_rotation               
20000474  curr_Y_rotation               
20000478  curr_Z_rotation               
00002345  detumble                      
20000488  errno                         
20000000  g_pfnRAMVectors               
00000000  g_pfnVectors                  
000013ad  getRotationMatrix             
00001c75  getThetas                     
000024a5  getUnitVec                    
00001ead  ldexp                         
00001ead  ldexpl                        
00000f19  main                          
00002539  matrixAdd                     
000021ad  matrixMultiply                
0000274f  matrixMultiplyScalar          
00002409  memcpy                        
00002ce1  pollADC                       
0000026d  pow                           
0000026d  powl                          
00001ead  scalbn                        
00001ead  scalbnl                       
00002f5b  spinRWX                       
00002f65  spinRWY                       
00002965  spinRWZ                       
000018b5  sqrt                          
000018b5  sqrtl                         


GLOBAL SYMBOLS: SORTED BY Symbol Address 

address   name                          
-------   ----                          
00000000  __TI_static_base__            
00000000  g_pfnVectors                  
00000200  __STACK_SIZE                  
0000026d  pow                           
0000026d  powl                          
00000c2d  atan                          
00000c2d  atanl                         
00000f19  main                          
000011d5  atan2                         
000011d5  atan2l                        
000013ad  getRotationMatrix             
00001569  __aeabi_dsub                  
00001573  __aeabi_dadd                  
00001721  InitializeMicro               
000018b5  sqrt                          
000018b5  sqrtl                         
00001a0d  __aeabi_ddiv                  
00001b43  GPIOPadConfigSet              
00001c75  getThetas                     
00001d9d  SysCtlClockGet                
00001ead  ldexp                         
00001ead  ldexpl                        
00001ead  scalbn                        
00001ead  scalbnl                       
00001fbd  __aeabi_dmul                  
000020b9  SysCtlClockSet                
000021ad  matrixMultiply                
0000227d  LButtonDown                   
00002345  detumble                      
00002409  __aeabi_memcpy                
00002409  __aeabi_memcpy4               
00002409  __aeabi_memcpy8               
00002409  memcpy                        
000024a5  getUnitVec                    
00002539  matrixAdd                     
000025c9  __aeabi_cdcmpeq               
000025c9  __aeabi_cdcmple               
0000264f  __aeabi_cdrcmple              
000026d5  ADCSequenceStepConfigure      
0000274f  matrixMultiplyScalar          
000027c9  __aeabi_d2f                   
00002839  IntEnable                     
000028a1  __TI_decompress_lzss          
00002909  I2CReceive                    
00002965  spinRWZ                       
000029c1  GPIOIntTypeSet                
00002a17  ADCSequenceConfigure          
00002a69  SysCtlPeripheralReset         
00002ab9  I2CMasterInitExpClk           
00002b05  GPIOPinConfigure              
00002b91  __TI_auto_init_nobinit_nopinit
00002bd5  _c_int00_noargs               
00002c0d  __aeabi_f2d                   
00002c45  IntRegister                   
00002c79  LButtonUp                     
00002cad  SysCtlPeripheralEnable        
00002ce1  pollADC                       
00002d15  ADCIntStatus                  
00002d43  __aeabi_i2d                   
00002d71  GPIODirModeSet                
00002d9b  PWMGenConfigure               
00002dbd  ADCSequenceDataGet            
00002ddb  PWMPulseWidthSet              
00002df9  ADCProcessorTrigger           
00002e11  GPIOIntRegister               
00002e29  GPIOPinTypeGPIOOutput         
00002e41  SysCtlPWMClockSet             
00002e55  copysign                      
00002e55  copysignl                     
00002e69  GPIOPinTypeADC                
00002e7b  GPIOPinTypeGPIOInput          
00002e8d  GPIOPinTypeI2C                
00002e9f  GPIOPinTypeI2CSCL             
00002eb1  GPIOPinTypePWM                
00002ec3  PWMOutputState                
00002ed5  __TI_zero_init_nomemset       
00002ee7  PWMGenPeriodSet               
00002ef7  ADCSequenceEnable             
00002f05  GPIOIntDisable                
00002f13  GPIOIntStatus                 
00002f21  __TI_decompress_none          
00002f2f  GPIOIntEnable                 
00002f3b  PWMGenEnable                  
00002f47  ADCIntClear                   
00002f51  I2CMasterEnable               
00002f5b  spinRWX                       
00002f65  spinRWY                       
00002f6f  I2CMasterBusy                 
00002f77  I2CMasterSlaveAddrSet         
00002f81  __aeabi_errno_addr            
00002f89  GPIOIntClear                  
00002f8f  GPIOPinWrite                  
00002f95  ResetISR                      
00002f9b  SysCtlDelay                   
00002fa1  I2CMasterControl              
00002fa5  I2CMasterDataGet              
00002fa9  I2CMasterDataPut              
00002fad  _system_pre_init              
00002fb1  C$$EXIT                       
00002fb1  abort                         
000034a0  __TI_Handler_Table_Base       
000034ac  __TI_Handler_Table_Limit      
000034c0  __TI_CINIT_Base               
000034d0  __TI_CINIT_Limit              
20000000  g_pfnRAMVectors               
20000270  __stack                       
20000470  __STACK_END                   
20000470  __STACK_TOP                   
20000470  curr_X_rotation               
20000474  curr_Y_rotation               
20000478  curr_Z_rotation               
2000047c  curr_RWX_speed                
20000480  curr_RWY_speed                
20000484  curr_RWZ_speed                
20000488  errno                         
ffffffff  __TI_pprof_out_hndl           
ffffffff  __TI_prof_data_size           
ffffffff  __TI_prof_data_start          
ffffffff  __binit__                     
ffffffff  __c_args__                    
ffffffff  binit                         
UNDEFED   __mpu_init                    
UNDEFED   _system_post_cinit            

[123 symbols]
